******************************************************************************
                  TI ARM Linker PC v5.0.4                      
******************************************************************************
>> Linked Mon Feb 24 11:41:14 2014

OUTPUT FILE NAME:   <Task_Blinky.out>
ENTRY POINT SYMBOL: "_c_int00"  address: 00001755


MEMORY CONFIGURATION

         name            origin    length      used     unused   attr    fill
----------------------  --------  ---------  --------  --------  ----  --------
  FLASH                 00000000   00040000  00001dea  0003e216  R  X
  SRAM                  20000000   00010000  0000084c  0000f7b4  RW X


SEGMENT ALLOCATION MAP

run origin  load origin   length   init length attrs members
----------  ----------- ---------- ----------- ----- -------
00000000    00000000    00001df0   00001df0    r-x
  00000000    00000000    000000f0   000000f0    r-- .intvecs
  000000f0    000000f0    000018be   000018be    r-x .text
  000019b0    000019b0    000003ec   000003ec    r-- .const
  00001da0    00001da0    00000050   00000050    r-- .cinit
20000000    20000000    00000800   00000000    rw-
  20000000    20000000    00000800   00000000    rw- .stack
20000800    20000800    0000004c   00000038    rw-
  20000800    20000800    00000038   00000038    rw- .data
  20000838    20000838    00000014   00000000    rw- .bss


SECTION ALLOCATION MAP

 output                                  attributes/
section   page    origin      length       input sections
--------  ----  ----------  ----------   ----------------
.intvecs   0    00000000    000000f0     
                  00000000    000000f0     new_startup_ccs.obj (.intvecs)

.init_array 
*          0    00000000    00000000     UNINITIALIZED

.text      0    000000f0    000018be     
                  000000f0    0000071a     rtsv7M3_T_le_eabi.lib : _printfi_nf.obj (.text)
                  0000080a    000001f4                           : ull_div_t2.obj (.text)
                  000009fe    00000002     new_startup_ccs.obj (.text:FaultISR)
                  00000a00    00000198     driverlib-cm3.lib : sysctl.obj (.text:SysCtlClockGet)
                  00000b98    00000144                       : sysctl.obj (.text:SysCtlClockSet)
                  00000cdc    000000d4     rit128x96x4.obj (.text:RIT128x96x4StringDraw)
                  00000db0    000000c8     driverlib-cm3.lib : gpio.obj (.text:GPIOPadConfigSet)
                  00000e78    000000a4     rit128x96x4.obj (.text:RIT128x96x4Init)
                  00000f1c    0000009c     rtsv7M3_T_le_eabi.lib : memcpy_t2.obj (.text)
                  00000fb8    00000094                           : auto_init.obj (.text)
                  0000104c    00000088     ADCPot.obj (.text:ADCPotInit)
                  000010d4    00000078     rtsv7M3_T_le_eabi.lib : memset_t2.obj (.text)
                  0000114c    0000006c     driverlib-cm3.lib : adc.obj (.text:ADCSequenceStepConfigure)
                  000011b8    00000060     rit128x96x4.obj (.text:RIT128x96x4Enable)
                  00001218    00000060     rit128x96x4.obj (.text:RITWriteCommand)
                  00001278    00000060     rit128x96x4.obj (.text:RITWriteData)
                  000012d8    00000060     rtsv7M3_T_le_eabi.lib : sprintf.obj (.text)
                  00001338    0000005e                           : copy_decompress_rle.obj (.text)
                  00001396    00000002     new_startup_ccs.obj (.text:IntDefaultHandler)
                  00001398    00000058     ADCPot.obj (.text:ADCPotExecute)
                  000013f0    00000058     driverlib-cm3.lib : sysctl.obj (.text:SysCtlPeripheralEnable)
                  00001448    00000054     ADCPot.obj (.text:ADCDisplayExecute)
                  0000149c    0000004c     ADCPot.obj (.text:TickDisplayExecute)
                  000014e8    0000004c     ADCPot.obj (.text:main)
                  00001534    0000004c     rtsv7M3_T_le_eabi.lib : atoi.obj (.text)
                  00001580    00000048     rit128x96x4.obj (.text:RIT128x96x4Clear)
                  000015c8    00000044     ADCPot.obj (.text:BlinkExecute)
                  0000160c    00000044     ADCPot.obj (.text:BlinkInit)
                  00001650    00000044     driverlib-cm3.lib : ssi.obj (.text:SSIConfigSetExpClk)
                  00001694    00000044     rtsv7M3_T_le_eabi.lib : cpy_tbl.obj (.text)
                  000016d8    00000040                           : exit.obj (.text)
                  00001718    0000003c     ADCPot.obj (.text:DisplayInit)
                  00001754    00000034     rtsv7M3_T_le_eabi.lib : boot.obj (.text)
                  00001788    0000002e     driverlib-cm3.lib : adc.obj (.text:ADCIntStatus)
                  000017b6    0000002e                       : gpio.obj (.text:GPIODirModeSet)
                  000017e4    0000002a                       : adc.obj (.text:ADCSequenceConfigure)
                  0000180e    00000020                       : adc.obj (.text:ADCSequenceDataGet)
                  0000182e    0000001a     rtsv7M3_T_le_eabi.lib : memccpy.obj (.text)
                  00001848    00000018                           : args_main.obj (.text)
                  00001860    00000018                           : ll_mul_t2.obj (.text)
                  00001878    00000016     driverlib-cm3.lib : adc.obj (.text:ADCProcessorTrigger)
                  0000188e    00000002     new_startup_ccs.obj (.text:NmiSR)
                  00001890    00000014     driverlib-cm3.lib : systick.obj (.text:SysTickEnable)
                  000018a4    00000014                       : systick.obj (.text:SysTickIntEnable)
                  000018b8    00000014     rtsv7M3_T_le_eabi.lib : _lock.obj (.text)
                  000018cc    00000014                           : strlen.obj (.text)
                  000018e0    00000012     driverlib-cm3.lib : gpio.obj (.text:GPIOPinTypeGPIOOutput)
                  000018f2    00000012                       : gpio.obj (.text:GPIOPinTypeSSI)
                  00001904    00000012     rtsv7M3_T_le_eabi.lib : copy_zero_init.obj (.text:decompress:ZI)
                  00001916    00000002     --HOLE-- [fill = 0]
                  00001918    00000010     ADCPot.obj (.text:SysTickIntHandler)
                  00001928    00000010     driverlib-cm3.lib : systick.obj (.text:SysTickPeriodSet)
                  00001938    0000000e                       : adc.obj (.text:ADCSequenceEnable)
                  00001946    0000000e     rtsv7M3_T_le_eabi.lib : copy_decompress_none.obj (.text:decompress:none)
                  00001954    0000000c     rit128x96x4.obj (.text:RIT128x96x4DisplayOff)
                  00001960    0000000a     driverlib-cm3.lib : adc.obj (.text:ADCIntClear)
                  0000196a    0000000a                       : ssi.obj (.text:SSIDataPut)
                  00001974    0000000a                       : ssi.obj (.text:SSIDisable)
                  0000197e    0000000a                       : ssi.obj (.text:SSIEnable)
                  00001988    00000008                       : ssi.obj (.text:SSIBusy)
                  00001990    00000006                       : gpio.obj (.text:GPIOPinRead)
                  00001996    00000006                       : gpio.obj (.text:GPIOPinWrite)
                  0000199c    00000006     new_startup_ccs.obj (.text:ResetISR)
                  000019a2    00000006     driverlib-cm3.lib : sysctl.obj (.text:SysCtlDelay)
                  000019a8    00000006     rtsv7M3_T_le_eabi.lib : copy_decompress_rle.obj (.text:decompress:rle24)

.const     0    000019b0    000003ec     
                  000019b0    000001e0     rit128x96x4.obj (.const:g_pucFont)
                  00001b90    00000101     rtsv7M3_T_le_eabi.lib : ctype.obj (.const:.string:_ctypes_)
                  00001c91    00000003     --HOLE-- [fill = 0]
                  00001c94    0000006c     driverlib-cm3.lib : sysctl.obj (.const:g_pulXtals)
                  00001d00    0000004f     rit128x96x4.obj (.const:.string:g_pucRIT128x96x4Init)
                  00001d4f    00000001     --HOLE-- [fill = 0]
                  00001d50    00000040     driverlib-cm3.lib : sysctl.obj (.const)
                  00001d90    0000000c     rit128x96x4.obj (.const:.string)

.cinit     0    00001da0    00000050     
                  00001da0    00000025     (.cinit..data.load) [load image, compression = rle]
                  00001dc5    00000003     --HOLE-- [fill = 0]
                  00001dc8    0000000c     (__TI_handler_table)
                  00001dd4    00000004     --HOLE-- [fill = 0]
                  00001dd8    00000008     (.cinit..bss.load) [load image, compression = zero_init]
                  00001de0    00000010     (__TI_cinit_table)

.stack     0    20000000    00000800     UNINITIALIZED
                  20000000    00000800     --HOLE--

.data      0    20000800    00000038     
                  20000800    00000024     ADCPot.obj (.data)
                  20000824    00000008     rtsv7M3_T_le_eabi.lib : _lock.obj (.data)
                  2000082c    00000008                           : exit.obj (.data)
                  20000834    00000004                           : stkdepth_vars.obj (.data)

.bss       0    20000838    00000014     UNINITIALIZED
                  20000838    0000000c     rit128x96x4.obj (.bss)
                  20000844    00000008     ADCPot.obj (.bss)


LINKER GENERATED COPY TABLES

__TI_cinit_table @ 00001de0 records: 2, size/record: 8, table size: 16
	.data: load addr=00001da0, load size=00000025 bytes, run addr=20000800, run size=00000038 bytes, compression=rle
	.bss: load addr=00001dd8, load size=00000008 bytes, run addr=20000838, run size=00000014 bytes, compression=zero_init


LINKER GENERATED HANDLER TABLE

__TI_handler_table @ 00001dc8 records: 3, size/record: 4, table size: 12
	index: 0, handler: __TI_decompress_rle24
	index: 1, handler: __TI_decompress_none
	index: 2, handler: __TI_zero_init


GLOBAL SYMBOLS: SORTED ALPHABETICALLY BY Name 

address    name
--------   ----
00001449   ADCDisplayExecute
00001961   ADCIntClear
00001789   ADCIntStatus
00001399   ADCPotExecute
0000104d   ADCPotInit
00001879   ADCProcessorTrigger
000017e5   ADCSequenceConfigure
0000180f   ADCSequenceDataGet
00001939   ADCSequenceEnable
0000114d   ADCSequenceStepConfigure
000015c9   BlinkExecute
0000160d   BlinkInit
000016d9   C$$EXIT
00001719   DisplayInit
000017b7   GPIODirModeSet
00000db1   GPIOPadConfigSet
00001991   GPIOPinRead
000018e1   GPIOPinTypeGPIOOutput
000018f3   GPIOPinTypeSSI
00001997   GPIOPinWrite
00001581   RIT128x96x4Clear
00001955   RIT128x96x4DisplayOff
000011b9   RIT128x96x4Enable
00000e79   RIT128x96x4Init
00000cdd   RIT128x96x4StringDraw
0000199d   ResetISR
UNDEFED    SHT$$INIT_ARRAY$$Base
UNDEFED    SHT$$INIT_ARRAY$$Limit
00001989   SSIBusy
00001651   SSIConfigSetExpClk
0000196b   SSIDataPut
00001975   SSIDisable
0000197f   SSIEnable
00000a01   SysCtlClockGet
00000b99   SysCtlClockSet
000019a3   SysCtlDelay
000013f1   SysCtlPeripheralEnable
00001891   SysTickEnable
000018a5   SysTickIntEnable
00001919   SysTickIntHandler
00001929   SysTickPeriodSet
0000149d   TickDisplayExecute
20000800   __STACK_END
00000800   __STACK_SIZE
20000100   __STACK_TOP
00001de0   __TI_CINIT_Base
00001df0   __TI_CINIT_Limit
00001dc8   __TI_Handler_Table_Base
00001dd4   __TI_Handler_Table_Limit
00000001   __TI_args_main
00000fb9   __TI_auto_init
00001947   __TI_decompress_none
000019a9   __TI_decompress_rle24
00000000   __TI_static_base__
00001905   __TI_zero_init
00001861   __aeabi_lmul
000010d5   __aeabi_memclr
000010d5   __aeabi_memclr4
000010d5   __aeabi_memclr8
00000f1d   __aeabi_memcpy
00000f1d   __aeabi_memcpy4
00000f1d   __aeabi_memcpy8
000010d7   __aeabi_memset
000010d7   __aeabi_memset4
000010d7   __aeabi_memset8
0000080b   __aeabi_uldivmod
ffffffff   __binit__
ffffffff   __c_args__
20000000   __stack
00001849   _args_main
00001755   _c_int00
2000082c   _cleanup_ptr
00001b90   _ctypes_
20000830   _dtors_ptr
20000824   _lock
000018c7   _nop
00000505   _printfi_nofloat
000018bf   _register_lock
000018b9   _register_unlock
20000828   _unlock
000016dd   abort
00001535   atoi
ffffffff   binit
00001695   copy_in
000016e5   exit
00000000   g_pfnVectors
000014e9   main
20000834   main_func_sp
0000182f   memccpy
00000f1d   memcpy
000010dd   memset
000012d9   sprintf
000018cd   strlen
20000844   systemClock


GLOBAL SYMBOLS: SORTED BY Symbol Address 

address    name
--------   ----
00000000   __TI_static_base__
00000000   g_pfnVectors
00000001   __TI_args_main
00000505   _printfi_nofloat
00000800   __STACK_SIZE
0000080b   __aeabi_uldivmod
00000a01   SysCtlClockGet
00000b99   SysCtlClockSet
00000cdd   RIT128x96x4StringDraw
00000db1   GPIOPadConfigSet
00000e79   RIT128x96x4Init
00000f1d   __aeabi_memcpy
00000f1d   __aeabi_memcpy4
00000f1d   __aeabi_memcpy8
00000f1d   memcpy
00000fb9   __TI_auto_init
0000104d   ADCPotInit
000010d5   __aeabi_memclr
000010d5   __aeabi_memclr4
000010d5   __aeabi_memclr8
000010d7   __aeabi_memset
000010d7   __aeabi_memset4
000010d7   __aeabi_memset8
000010dd   memset
0000114d   ADCSequenceStepConfigure
000011b9   RIT128x96x4Enable
000012d9   sprintf
00001399   ADCPotExecute
000013f1   SysCtlPeripheralEnable
00001449   ADCDisplayExecute
0000149d   TickDisplayExecute
000014e9   main
00001535   atoi
00001581   RIT128x96x4Clear
000015c9   BlinkExecute
0000160d   BlinkInit
00001651   SSIConfigSetExpClk
00001695   copy_in
000016d9   C$$EXIT
000016dd   abort
000016e5   exit
00001719   DisplayInit
00001755   _c_int00
00001789   ADCIntStatus
000017b7   GPIODirModeSet
000017e5   ADCSequenceConfigure
0000180f   ADCSequenceDataGet
0000182f   memccpy
00001849   _args_main
00001861   __aeabi_lmul
00001879   ADCProcessorTrigger
00001891   SysTickEnable
000018a5   SysTickIntEnable
000018b9   _register_unlock
000018bf   _register_lock
000018c7   _nop
000018cd   strlen
000018e1   GPIOPinTypeGPIOOutput
000018f3   GPIOPinTypeSSI
00001905   __TI_zero_init
00001919   SysTickIntHandler
00001929   SysTickPeriodSet
00001939   ADCSequenceEnable
00001947   __TI_decompress_none
00001955   RIT128x96x4DisplayOff
00001961   ADCIntClear
0000196b   SSIDataPut
00001975   SSIDisable
0000197f   SSIEnable
00001989   SSIBusy
00001991   GPIOPinRead
00001997   GPIOPinWrite
0000199d   ResetISR
000019a3   SysCtlDelay
000019a9   __TI_decompress_rle24
00001b90   _ctypes_
00001dc8   __TI_Handler_Table_Base
00001dd4   __TI_Handler_Table_Limit
00001de0   __TI_CINIT_Base
00001df0   __TI_CINIT_Limit
20000000   __stack
20000100   __STACK_TOP
20000800   __STACK_END
20000824   _lock
20000828   _unlock
2000082c   _cleanup_ptr
20000830   _dtors_ptr
20000834   main_func_sp
20000844   systemClock
ffffffff   __binit__
ffffffff   __c_args__
ffffffff   binit
UNDEFED    SHT$$INIT_ARRAY$$Base
UNDEFED    SHT$$INIT_ARRAY$$Limit

[94 symbols]
