******************************************************************************
                  TI ARM Linker PC v5.0.4                      
******************************************************************************
>> Linked Mon Jan 27 10:40:13 2014

OUTPUT FILE NAME:   <Task_Blinky.out>
ENTRY POINT SYMBOL: "_c_int00"  address: 000016c5


MEMORY CONFIGURATION

         name            origin    length      used     unused   attr    fill
----------------------  --------  ---------  --------  --------  ----  --------
  FLASH                 00000000   00040000  00001ce0  0003e320  R  X
  SRAM                  20000000   00010000  00000838  0000f7c8  RW X


SEGMENT ALLOCATION MAP

run origin  load origin   length   init length attrs members
----------  ----------- ---------- ----------- ----- -------
00000000    00000000    00001ce0   00001ce0    r-x
  00000000    00000000    000000f0   000000f0    r-- .intvecs
  000000f0    000000f0    000017c4   000017c4    r-x .text
  000018b4    000018b4    000003ec   000003ec    r-- .const
  00001ca0    00001ca0    00000040   00000040    r-- .cinit
20000000    20000000    00000800   00000000    rw-
  20000000    20000000    00000800   00000000    rw- .stack
20000800    20000800    00000038   00000028    rw-
  20000800    20000800    00000028   00000028    rw- .data
  20000828    20000828    00000010   00000000    rw- .bss


SECTION ALLOCATION MAP

 output                                  attributes/
section   page    origin      length       input sections
--------  ----  ----------  ----------   ----------------
.intvecs   0    00000000    000000f0     
                  00000000    000000f0     new_startup_ccs.obj (.intvecs)

.init_array 
*          0    00000000    00000000     UNINITIALIZED

.text      0    000000f0    000017c4     
                  000000f0    0000071a     rtsv7M3_T_le_eabi.lib : _printfi_nf.obj (.text)
                  0000080a    000001f4                           : ull_div_t2.obj (.text)
                  000009fe    00000002     new_startup_ccs.obj (.text:FaultISR)
                  00000a00    00000198     driverlib-cm3.lib : sysctl.obj (.text:SysCtlClockGet)
                  00000b98    00000144                       : sysctl.obj (.text:SysCtlClockSet)
                  00000cdc    000000d4     rit128x96x4.obj (.text:RIT128x96x4StringDraw)
                  00000db0    000000c8     driverlib-cm3.lib : gpio.obj (.text:GPIOPadConfigSet)
                  00000e78    000000b8     blinky.obj (.text:main)
                  00000f30    000000a4     rit128x96x4.obj (.text:RIT128x96x4Init)
                  00000fd4    0000009c     rtsv7M3_T_le_eabi.lib : memcpy_t2.obj (.text)
                  00001070    00000094                           : auto_init.obj (.text)
                  00001104    00000088     driverlib-cm3.lib : sysctl.obj (.text:SysCtlPeripheralReset)
                  0000118c    00000078     rtsv7M3_T_le_eabi.lib : memset_t2.obj (.text)
                  00001204    00000060     rit128x96x4.obj (.text:RIT128x96x4Enable)
                  00001264    00000060     rit128x96x4.obj (.text:RITWriteCommand)
                  000012c4    00000060     rit128x96x4.obj (.text:RITWriteData)
                  00001324    00000060     rtsv7M3_T_le_eabi.lib : sprintf.obj (.text)
                  00001384    0000005e                           : copy_decompress_rle.obj (.text)
                  000013e2    00000002     new_startup_ccs.obj (.text:IntDefaultHandler)
                  000013e4    00000058     driverlib-cm3.lib : sysctl.obj (.text:SysCtlPeripheralDisable)
                  0000143c    00000058                       : sysctl.obj (.text:SysCtlPeripheralEnable)
                  00001494    0000004c     blinky.obj (.text:TickDisplayExecute)
                  000014e0    0000004c     rtsv7M3_T_le_eabi.lib : atoi.obj (.text)
                  0000152c    00000048     rit128x96x4.obj (.text:RIT128x96x4Clear)
                  00001574    00000044     blinky.obj (.text:BlinkExecute)
                  000015b8    00000044     blinky.obj (.text:BlinkInit)
                  000015fc    00000044     driverlib-cm3.lib : ssi.obj (.text:SSIConfigSetExpClk)
                  00001640    00000044     rtsv7M3_T_le_eabi.lib : cpy_tbl.obj (.text)
                  00001684    00000040                           : exit.obj (.text)
                  000016c4    00000034                           : boot.obj (.text)
                  000016f8    0000002e     driverlib-cm3.lib : gpio.obj (.text:GPIODirModeSet)
                  00001726    00000002     new_startup_ccs.obj (.text:NmiSR)
                  00001728    00000028     blinky.obj (.text:TickDisplayInit)
                  00001750    0000001a     rtsv7M3_T_le_eabi.lib : memccpy.obj (.text)
                  0000176a    00000002     --HOLE-- [fill = 0]
                  0000176c    00000018                           : args_main.obj (.text)
                  00001784    00000018                           : ll_mul_t2.obj (.text)
                  0000179c    00000014     driverlib-cm3.lib : systick.obj (.text:SysTickEnable)
                  000017b0    00000014                       : systick.obj (.text:SysTickIntEnable)
                  000017c4    00000014     rtsv7M3_T_le_eabi.lib : _lock.obj (.text)
                  000017d8    00000014                           : strlen.obj (.text)
                  000017ec    00000012     driverlib-cm3.lib : gpio.obj (.text:GPIOPinTypeGPIOInput)
                  000017fe    00000012                       : gpio.obj (.text:GPIOPinTypeGPIOOutput)
                  00001810    00000012                       : gpio.obj (.text:GPIOPinTypeSSI)
                  00001822    00000012     rtsv7M3_T_le_eabi.lib : copy_zero_init.obj (.text:decompress:ZI)
                  00001834    00000010     blinky.obj (.text:SysTickIntHandler)
                  00001844    00000010     driverlib-cm3.lib : systick.obj (.text:SysTickPeriodSet)
                  00001854    0000000e     rtsv7M3_T_le_eabi.lib : copy_decompress_none.obj (.text:decompress:none)
                  00001862    00000002     --HOLE-- [fill = 0]
                  00001864    0000000c     rit128x96x4.obj (.text:RIT128x96x4DisplayOff)
                  00001870    0000000a     driverlib-cm3.lib : ssi.obj (.text:SSIDataPut)
                  0000187a    0000000a                       : ssi.obj (.text:SSIDisable)
                  00001884    0000000a                       : ssi.obj (.text:SSIEnable)
                  0000188e    00000008                       : ssi.obj (.text:SSIBusy)
                  00001896    00000006                       : gpio.obj (.text:GPIOPinRead)
                  0000189c    00000006                       : gpio.obj (.text:GPIOPinWrite)
                  000018a2    00000006     new_startup_ccs.obj (.text:ResetISR)
                  000018a8    00000006     driverlib-cm3.lib : sysctl.obj (.text:SysCtlDelay)
                  000018ae    00000006     rtsv7M3_T_le_eabi.lib : copy_decompress_rle.obj (.text:decompress:rle24)

.const     0    000018b4    000003ec     
                  000018b4    000001e0     rit128x96x4.obj (.const:g_pucFont)
                  00001a94    00000101     rtsv7M3_T_le_eabi.lib : ctype.obj (.const:.string:_ctypes_)
                  00001b95    00000003     --HOLE-- [fill = 0]
                  00001b98    0000006c     driverlib-cm3.lib : sysctl.obj (.const:g_pulXtals)
                  00001c04    0000004f     rit128x96x4.obj (.const:.string:g_pucRIT128x96x4Init)
                  00001c53    00000001     --HOLE-- [fill = 0]
                  00001c54    00000040     driverlib-cm3.lib : sysctl.obj (.const)
                  00001c94    0000000c     rit128x96x4.obj (.const:.string)

.cinit     0    00001ca0    00000040     
                  00001ca0    0000001b     (.cinit..data.load) [load image, compression = rle]
                  00001cbb    00000001     --HOLE-- [fill = 0]
                  00001cbc    0000000c     (__TI_handler_table)
                  00001cc8    00000008     (.cinit..bss.load) [load image, compression = zero_init]
                  00001cd0    00000010     (__TI_cinit_table)

.stack     0    20000000    00000800     UNINITIALIZED
                  20000000    00000800     --HOLE--

.data      0    20000800    00000028     
                  20000800    00000014     blinky.obj (.data)
                  20000814    00000008     rtsv7M3_T_le_eabi.lib : _lock.obj (.data)
                  2000081c    00000008                           : exit.obj (.data)
                  20000824    00000004                           : stkdepth_vars.obj (.data)

.bss       0    20000828    00000010     UNINITIALIZED
                  20000828    0000000c     rit128x96x4.obj (.bss)
                  20000834    00000004     blinky.obj (.bss)


LINKER GENERATED COPY TABLES

__TI_cinit_table @ 00001cd0 records: 2, size/record: 8, table size: 16
	.data: load addr=00001ca0, load size=0000001b bytes, run addr=20000800, run size=00000028 bytes, compression=rle
	.bss: load addr=00001cc8, load size=00000008 bytes, run addr=20000828, run size=00000010 bytes, compression=zero_init


LINKER GENERATED HANDLER TABLE

__TI_handler_table @ 00001cbc records: 3, size/record: 4, table size: 12
	index: 0, handler: __TI_decompress_rle24
	index: 1, handler: __TI_decompress_none
	index: 2, handler: __TI_zero_init


GLOBAL SYMBOLS: SORTED ALPHABETICALLY BY Name 

address    name
--------   ----
00001575   BlinkExecute
000015b9   BlinkInit
00001685   C$$EXIT
000016f9   GPIODirModeSet
00000db1   GPIOPadConfigSet
00001897   GPIOPinRead
000017ed   GPIOPinTypeGPIOInput
000017ff   GPIOPinTypeGPIOOutput
00001811   GPIOPinTypeSSI
0000189d   GPIOPinWrite
0000152d   RIT128x96x4Clear
00001865   RIT128x96x4DisplayOff
00001205   RIT128x96x4Enable
00000f31   RIT128x96x4Init
00000cdd   RIT128x96x4StringDraw
000018a3   ResetISR
UNDEFED    SHT$$INIT_ARRAY$$Base
UNDEFED    SHT$$INIT_ARRAY$$Limit
0000188f   SSIBusy
000015fd   SSIConfigSetExpClk
00001871   SSIDataPut
0000187b   SSIDisable
00001885   SSIEnable
00000a01   SysCtlClockGet
00000b99   SysCtlClockSet
000018a9   SysCtlDelay
000013e5   SysCtlPeripheralDisable
0000143d   SysCtlPeripheralEnable
00001105   SysCtlPeripheralReset
0000179d   SysTickEnable
000017b1   SysTickIntEnable
00001835   SysTickIntHandler
00001845   SysTickPeriodSet
00001495   TickDisplayExecute
00001729   TickDisplayInit
20000800   __STACK_END
00000800   __STACK_SIZE
20000100   __STACK_TOP
00001cd0   __TI_CINIT_Base
00001ce0   __TI_CINIT_Limit
00001cbc   __TI_Handler_Table_Base
00001cc8   __TI_Handler_Table_Limit
00000001   __TI_args_main
00001071   __TI_auto_init
00001855   __TI_decompress_none
000018af   __TI_decompress_rle24
00000000   __TI_static_base__
00001823   __TI_zero_init
00001785   __aeabi_lmul
0000118d   __aeabi_memclr
0000118d   __aeabi_memclr4
0000118d   __aeabi_memclr8
00000fd5   __aeabi_memcpy
00000fd5   __aeabi_memcpy4
00000fd5   __aeabi_memcpy8
0000118f   __aeabi_memset
0000118f   __aeabi_memset4
0000118f   __aeabi_memset8
0000080b   __aeabi_uldivmod
ffffffff   __binit__
ffffffff   __c_args__
20000000   __stack
0000176d   _args_main
000016c5   _c_int00
2000081c   _cleanup_ptr
00001a94   _ctypes_
20000820   _dtors_ptr
20000814   _lock
000017d3   _nop
00000505   _printfi_nofloat
000017cb   _register_lock
000017c5   _register_unlock
20000818   _unlock
00001689   abort
000014e1   atoi
ffffffff   binit
00001641   copy_in
00001691   exit
00000000   g_pfnVectors
00000e79   main
20000824   main_func_sp
00001751   memccpy
00000fd5   memcpy
00001195   memset
00001325   sprintf
000017d9   strlen
20000834   systemClock


GLOBAL SYMBOLS: SORTED BY Symbol Address 

address    name
--------   ----
00000000   __TI_static_base__
00000000   g_pfnVectors
00000001   __TI_args_main
00000505   _printfi_nofloat
00000800   __STACK_SIZE
0000080b   __aeabi_uldivmod
00000a01   SysCtlClockGet
00000b99   SysCtlClockSet
00000cdd   RIT128x96x4StringDraw
00000db1   GPIOPadConfigSet
00000e79   main
00000f31   RIT128x96x4Init
00000fd5   __aeabi_memcpy
00000fd5   __aeabi_memcpy4
00000fd5   __aeabi_memcpy8
00000fd5   memcpy
00001071   __TI_auto_init
00001105   SysCtlPeripheralReset
0000118d   __aeabi_memclr
0000118d   __aeabi_memclr4
0000118d   __aeabi_memclr8
0000118f   __aeabi_memset
0000118f   __aeabi_memset4
0000118f   __aeabi_memset8
00001195   memset
00001205   RIT128x96x4Enable
00001325   sprintf
000013e5   SysCtlPeripheralDisable
0000143d   SysCtlPeripheralEnable
00001495   TickDisplayExecute
000014e1   atoi
0000152d   RIT128x96x4Clear
00001575   BlinkExecute
000015b9   BlinkInit
000015fd   SSIConfigSetExpClk
00001641   copy_in
00001685   C$$EXIT
00001689   abort
00001691   exit
000016c5   _c_int00
000016f9   GPIODirModeSet
00001729   TickDisplayInit
00001751   memccpy
0000176d   _args_main
00001785   __aeabi_lmul
0000179d   SysTickEnable
000017b1   SysTickIntEnable
000017c5   _register_unlock
000017cb   _register_lock
000017d3   _nop
000017d9   strlen
000017ed   GPIOPinTypeGPIOInput
000017ff   GPIOPinTypeGPIOOutput
00001811   GPIOPinTypeSSI
00001823   __TI_zero_init
00001835   SysTickIntHandler
00001845   SysTickPeriodSet
00001855   __TI_decompress_none
00001865   RIT128x96x4DisplayOff
00001871   SSIDataPut
0000187b   SSIDisable
00001885   SSIEnable
0000188f   SSIBusy
00001897   GPIOPinRead
0000189d   GPIOPinWrite
000018a3   ResetISR
000018a9   SysCtlDelay
000018af   __TI_decompress_rle24
00001a94   _ctypes_
00001cbc   __TI_Handler_Table_Base
00001cc8   __TI_Handler_Table_Limit
00001cd0   __TI_CINIT_Base
00001ce0   __TI_CINIT_Limit
20000000   __stack
20000100   __STACK_TOP
20000800   __STACK_END
20000814   _lock
20000818   _unlock
2000081c   _cleanup_ptr
20000820   _dtors_ptr
20000824   main_func_sp
20000834   systemClock
ffffffff   __binit__
ffffffff   __c_args__
ffffffff   binit
UNDEFED    SHT$$INIT_ARRAY$$Base
UNDEFED    SHT$$INIT_ARRAY$$Limit

[87 symbols]
