******************************************************************************
                  TI ARM Linker PC v5.0.4                      
******************************************************************************
>> Linked Mon Feb 10 12:24:40 2014

OUTPUT FILE NAME:   <Task_Blinky.out>
ENTRY POINT SYMBOL: "_c_int00"  address: 00001c01


MEMORY CONFIGURATION

         name            origin    length      used     unused   attr    fill
----------------------  --------  ---------  --------  --------  ----  --------
  FLASH                 00000000   00040000  000022cc  0003dd34  R  X
  SRAM                  20000000   00010000  0000085c  0000f7a4  RW X


SEGMENT ALLOCATION MAP

run origin  load origin   length   init length attrs members
----------  ----------- ---------- ----------- ----- -------
00000000    00000000    000022d0   000022d0    r-x
  00000000    00000000    000000f0   000000f0    r-- .intvecs
  000000f0    000000f0    00001d60   00001d60    r-x .text
  00001e50    00001e50    0000041c   0000041c    r-- .const
  00002270    00002270    00000060   00000060    r-- .cinit
20000000    20000000    00000800   00000000    rw-
  20000000    20000000    00000800   00000000    rw- .stack
20000800    20000800    0000005c   0000004c    rw-
  20000800    20000800    0000004c   0000004c    rw- .data
  2000084c    2000084c    00000010   00000000    rw- .bss


SECTION ALLOCATION MAP

 output                                  attributes/
section   page    origin      length       input sections
--------  ----  ----------  ----------   ----------------
.intvecs   0    00000000    000000f0     
                  00000000    000000f0     new_startup_ccs.obj (.intvecs)

.init_array 
*          0    00000000    00000000     UNINITIALIZED

.text      0    000000f0    00001d60     
                  000000f0    0000071a     rtsv7M3_T_le_eabi.lib : _printfi_nf.obj (.text)
                  0000080a    00000002     new_startup_ccs.obj (.text:FaultISR)
                  0000080c    0000020a     uartstdio.obj (.text:UARTprintf)
                  00000a16    000001f4     rtsv7M3_T_le_eabi.lib : ull_div_t2.obj (.text)
                  00000c0a    00000002     new_startup_ccs.obj (.text:IntDefaultHandler)
                  00000c0c    00000198     driverlib-cm3.lib : sysctl.obj (.text:SysCtlClockGet)
                  00000da4    00000144                       : sysctl.obj (.text:SysCtlClockSet)
                  00000ee8    0000013c     PushButton.obj (.text:ButtonsExecute)
                  00001024    000000d4     rit128x96x4.obj (.text:RIT128x96x4StringDraw)
                  000010f8    000000c8     driverlib-cm3.lib : gpio.obj (.text:GPIOPadConfigSet)
                  000011c0    000000a4     rit128x96x4.obj (.text:RIT128x96x4Init)
                  00001264    0000009c     rtsv7M3_T_le_eabi.lib : memcpy_t2.obj (.text)
                  00001300    00000094                           : auto_init.obj (.text)
                  00001394    00000088     PushButton.obj (.text:ButtonsInit)
                  0000141c    00000084     uartstdio.obj (.text:UARTgets)
                  000014a0    00000078     driverlib-cm3.lib : sysctl.obj (.text:SysCtlPeripheralPresent)
                  00001518    00000078     rtsv7M3_T_le_eabi.lib : memset_t2.obj (.text)
                  00001590    00000060     rit128x96x4.obj (.text:RIT128x96x4Enable)
                  000015f0    00000060     rit128x96x4.obj (.text:RITWriteCommand)
                  00001650    00000060     rit128x96x4.obj (.text:RITWriteData)
                  000016b0    00000060     PushButton.obj (.text:SpeakerBuzzInit)
                  00001710    00000060     rtsv7M3_T_le_eabi.lib : sprintf.obj (.text)
                  00001770    0000005e                           : copy_decompress_rle.obj (.text)
                  000017ce    00000002     new_startup_ccs.obj (.text:NmiSR)
                  000017d0    00000058     driverlib-cm3.lib : sysctl.obj (.text:SysCtlPeripheralEnable)
                  00001828    00000054     PushButton.obj (.text:TickDisplayExecute)
                  0000187c    00000050     PushButton.obj (.text:SpeakerBuzzExecute)
                  000018cc    00000050     PushButton.obj (.text:main)
                  0000191c    0000004c     rtsv7M3_T_le_eabi.lib : atoi.obj (.text)
                  00001968    00000048     rit128x96x4.obj (.text:RIT128x96x4Clear)
                  000019b0    00000044     PushButton.obj (.text:BlinkExecute)
                  000019f4    00000044     PushButton.obj (.text:BlinkInit)
                  00001a38    00000044     driverlib-cm3.lib : ssi.obj (.text:SSIConfigSetExpClk)
                  00001a7c    00000044     uartstdio.obj (.text:UARTStdioInitExpClk)
                  00001ac0    00000044     rtsv7M3_T_le_eabi.lib : cpy_tbl.obj (.text)
                  00001b04    00000042     driverlib-cm3.lib : uart.obj (.text:UARTConfigSetExpClk)
                  00001b46    00000042     rtsv7M3_T_le_eabi.lib : u_divt2.obj (.text)
                  00001b88    00000040                           : exit.obj (.text)
                  00001bc8    00000038     uartstdio.obj (.text:UARTwrite)
                  00001c00    00000034     rtsv7M3_T_le_eabi.lib : boot.obj (.text)
                  00001c34    0000002e     driverlib-cm3.lib : gpio.obj (.text:GPIODirModeSet)
                  00001c62    00000002     --HOLE-- [fill = 0]
                  00001c64    00000028     PushButton.obj (.text:TickDisplayInit)
                  00001c8c    0000001c     driverlib-cm3.lib : uart.obj (.text:UARTDisable)
                  00001ca8    0000001a     rtsv7M3_T_le_eabi.lib : memccpy.obj (.text)
                  00001cc2    00000002     --HOLE-- [fill = 0]
                  00001cc4    00000018                           : args_main.obj (.text)
                  00001cdc    00000018                           : ll_mul_t2.obj (.text)
                  00001cf4    00000014     driverlib-cm3.lib : systick.obj (.text:SysTickEnable)
                  00001d08    00000014                       : systick.obj (.text:SysTickIntEnable)
                  00001d1c    00000014                       : uart.obj (.text:UARTEnable)
                  00001d30    00000014     rtsv7M3_T_le_eabi.lib : _lock.obj (.text)
                  00001d44    00000014                           : strlen.obj (.text)
                  00001d58    00000012     driverlib-cm3.lib : gpio.obj (.text:GPIOPinTypeGPIOInput)
                  00001d6a    00000012                       : gpio.obj (.text:GPIOPinTypeGPIOOutput)
                  00001d7c    00000012                       : gpio.obj (.text:GPIOPinTypeSSI)
                  00001d8e    00000012                       : gpio.obj (.text:GPIOPinTypeUART)
                  00001da0    00000012     rtsv7M3_T_le_eabi.lib : copy_zero_init.obj (.text:decompress:ZI)
                  00001db2    00000002     --HOLE-- [fill = 0]
                  00001db4    00000010     PushButton.obj (.text:SysTickIntHandler)
                  00001dc4    00000010     driverlib-cm3.lib : systick.obj (.text:SysTickPeriodSet)
                  00001dd4    0000000e     rtsv7M3_T_le_eabi.lib : copy_decompress_none.obj (.text:decompress:none)
                  00001de2    00000002     --HOLE-- [fill = 0]
                  00001de4    0000000c     rit128x96x4.obj (.text:RIT128x96x4DisplayOff)
                  00001df0    0000000a     driverlib-cm3.lib : ssi.obj (.text:SSIDataPut)
                  00001dfa    0000000a                       : ssi.obj (.text:SSIDisable)
                  00001e04    0000000a                       : ssi.obj (.text:SSIEnable)
                  00001e0e    0000000a                       : uart.obj (.text:UARTCharGet)
                  00001e18    0000000a                       : uart.obj (.text:UARTCharPut)
                  00001e22    00000008                       : ssi.obj (.text:SSIBusy)
                  00001e2a    00000008     uartstdio.obj (.text:UARTStdioInit)
                  00001e32    00000006     driverlib-cm3.lib : gpio.obj (.text:GPIOPinRead)
                  00001e38    00000006                       : gpio.obj (.text:GPIOPinWrite)
                  00001e3e    00000006     new_startup_ccs.obj (.text:ResetISR)
                  00001e44    00000006     driverlib-cm3.lib : sysctl.obj (.text:SysCtlDelay)
                  00001e4a    00000006     rtsv7M3_T_le_eabi.lib : copy_decompress_rle.obj (.text:decompress:rle24)

.const     0    00001e50    0000041c     
                  00001e50    000001e0     rit128x96x4.obj (.const:g_pucFont)
                  00002030    00000101     rtsv7M3_T_le_eabi.lib : ctype.obj (.const:.string:_ctypes_)
                  00002131    00000003     --HOLE-- [fill = 0]
                  00002134    0000006c     driverlib-cm3.lib : sysctl.obj (.const:g_pulXtals)
                  000021a0    0000004f     rit128x96x4.obj (.const:.string:g_pucRIT128x96x4Init)
                  000021ef    00000001     --HOLE-- [fill = 0]
                  000021f0    00000040     driverlib-cm3.lib : sysctl.obj (.const)
                  00002230    0000001c     uartstdio.obj (.const)
                  0000224c    00000012     uartstdio.obj (.const:.string)
                  0000225e    00000002     --HOLE-- [fill = 0]
                  00002260    0000000c     rit128x96x4.obj (.const:.string)

.cinit     0    00002270    00000060     
                  00002270    00000035     (.cinit..data.load) [load image, compression = rle]
                  000022a5    00000003     --HOLE-- [fill = 0]
                  000022a8    0000000c     (__TI_handler_table)
                  000022b4    00000004     --HOLE-- [fill = 0]
                  000022b8    00000008     (.cinit..bss.load) [load image, compression = zero_init]
                  000022c0    00000010     (__TI_cinit_table)

.stack     0    20000000    00000800     UNINITIALIZED
                  20000000    00000800     --HOLE--

.data      0    20000800    0000004c     
                  20000800    00000030     PushButton.obj (.data)
                  20000830    00000008     rtsv7M3_T_le_eabi.lib : _lock.obj (.data)
                  20000838    00000008                           : exit.obj (.data)
                  20000840    00000005     uartstdio.obj (.data)
                  20000845    00000003     --HOLE--
                  20000848    00000004     rtsv7M3_T_le_eabi.lib : stkdepth_vars.obj (.data)

.bss       0    2000084c    00000010     UNINITIALIZED
                  2000084c    0000000c     rit128x96x4.obj (.bss)
                  20000858    00000004     PushButton.obj (.bss)


LINKER GENERATED COPY TABLES

__TI_cinit_table @ 000022c0 records: 2, size/record: 8, table size: 16
	.data: load addr=00002270, load size=00000035 bytes, run addr=20000800, run size=0000004c bytes, compression=rle
	.bss: load addr=000022b8, load size=00000008 bytes, run addr=2000084c, run size=00000010 bytes, compression=zero_init


LINKER GENERATED HANDLER TABLE

__TI_handler_table @ 000022a8 records: 3, size/record: 4, table size: 12
	index: 0, handler: __TI_decompress_rle24
	index: 1, handler: __TI_decompress_none
	index: 2, handler: __TI_zero_init


GLOBAL SYMBOLS: SORTED ALPHABETICALLY BY Name 

address    name
--------   ----
000019b1   BlinkExecute
000019f5   BlinkInit
00000ee9   ButtonsExecute
00001395   ButtonsInit
00001b89   C$$EXIT
00001c35   GPIODirModeSet
000010f9   GPIOPadConfigSet
00001e33   GPIOPinRead
00001d59   GPIOPinTypeGPIOInput
00001d6b   GPIOPinTypeGPIOOutput
00001d7d   GPIOPinTypeSSI
00001d8f   GPIOPinTypeUART
00001e39   GPIOPinWrite
00001969   RIT128x96x4Clear
00001de5   RIT128x96x4DisplayOff
00001591   RIT128x96x4Enable
000011c1   RIT128x96x4Init
00001025   RIT128x96x4StringDraw
00001e3f   ResetISR
UNDEFED    SHT$$INIT_ARRAY$$Base
UNDEFED    SHT$$INIT_ARRAY$$Limit
00001e23   SSIBusy
00001a39   SSIConfigSetExpClk
00001df1   SSIDataPut
00001dfb   SSIDisable
00001e05   SSIEnable
0000187d   SpeakerBuzzExecute
000016b1   SpeakerBuzzInit
00000c0d   SysCtlClockGet
00000da5   SysCtlClockSet
00001e45   SysCtlDelay
000017d1   SysCtlPeripheralEnable
000014a1   SysCtlPeripheralPresent
00001cf5   SysTickEnable
00001d09   SysTickIntEnable
00001db5   SysTickIntHandler
00001dc5   SysTickPeriodSet
00001829   TickDisplayExecute
00001c65   TickDisplayInit
00001e0f   UARTCharGet
00001e19   UARTCharPut
00001b05   UARTConfigSetExpClk
00001c8d   UARTDisable
00001d1d   UARTEnable
00001e2b   UARTStdioInit
00001a7d   UARTStdioInitExpClk
0000141d   UARTgets
0000080d   UARTprintf
00001bc9   UARTwrite
20000800   __STACK_END
00000800   __STACK_SIZE
20000100   __STACK_TOP
000022c0   __TI_CINIT_Base
000022d0   __TI_CINIT_Limit
000022a8   __TI_Handler_Table_Base
000022b4   __TI_Handler_Table_Limit
00000001   __TI_args_main
00001301   __TI_auto_init
00001dd5   __TI_decompress_none
00001e4b   __TI_decompress_rle24
00000000   __TI_static_base__
00001da1   __TI_zero_init
00001cdd   __aeabi_lmul
00001519   __aeabi_memclr
00001519   __aeabi_memclr4
00001519   __aeabi_memclr8
00001265   __aeabi_memcpy
00001265   __aeabi_memcpy4
00001265   __aeabi_memcpy8
0000151b   __aeabi_memset
0000151b   __aeabi_memset4
0000151b   __aeabi_memset8
00001b47   __aeabi_uidivmod
00000a17   __aeabi_uldivmod
ffffffff   __binit__
ffffffff   __c_args__
20000000   __stack
00001cc5   _args_main
00001c01   _c_int00
20000838   _cleanup_ptr
00002030   _ctypes_
2000083c   _dtors_ptr
20000830   _lock
00001d3f   _nop
00000505   _printfi_nofloat
00001d37   _register_lock
00001d31   _register_unlock
20000834   _unlock
00001b8d   abort
0000191d   atoi
ffffffff   binit
00001ac1   copy_in
00001b95   exit
00000000   g_pfnVectors
000018cd   main
20000848   main_func_sp
00001ca9   memccpy
00001265   memcpy
00001521   memset
00001711   sprintf
00001d45   strlen
20000858   systemClock


GLOBAL SYMBOLS: SORTED BY Symbol Address 

address    name
--------   ----
00000000   __TI_static_base__
00000000   g_pfnVectors
00000001   __TI_args_main
00000505   _printfi_nofloat
00000800   __STACK_SIZE
0000080d   UARTprintf
00000a17   __aeabi_uldivmod
00000c0d   SysCtlClockGet
00000da5   SysCtlClockSet
00000ee9   ButtonsExecute
00001025   RIT128x96x4StringDraw
000010f9   GPIOPadConfigSet
000011c1   RIT128x96x4Init
00001265   __aeabi_memcpy
00001265   __aeabi_memcpy4
00001265   __aeabi_memcpy8
00001265   memcpy
00001301   __TI_auto_init
00001395   ButtonsInit
0000141d   UARTgets
000014a1   SysCtlPeripheralPresent
00001519   __aeabi_memclr
00001519   __aeabi_memclr4
00001519   __aeabi_memclr8
0000151b   __aeabi_memset
0000151b   __aeabi_memset4
0000151b   __aeabi_memset8
00001521   memset
00001591   RIT128x96x4Enable
000016b1   SpeakerBuzzInit
00001711   sprintf
000017d1   SysCtlPeripheralEnable
00001829   TickDisplayExecute
0000187d   SpeakerBuzzExecute
000018cd   main
0000191d   atoi
00001969   RIT128x96x4Clear
000019b1   BlinkExecute
000019f5   BlinkInit
00001a39   SSIConfigSetExpClk
00001a7d   UARTStdioInitExpClk
00001ac1   copy_in
00001b05   UARTConfigSetExpClk
00001b47   __aeabi_uidivmod
00001b89   C$$EXIT
00001b8d   abort
00001b95   exit
00001bc9   UARTwrite
00001c01   _c_int00
00001c35   GPIODirModeSet
00001c65   TickDisplayInit
00001c8d   UARTDisable
00001ca9   memccpy
00001cc5   _args_main
00001cdd   __aeabi_lmul
00001cf5   SysTickEnable
00001d09   SysTickIntEnable
00001d1d   UARTEnable
00001d31   _register_unlock
00001d37   _register_lock
00001d3f   _nop
00001d45   strlen
00001d59   GPIOPinTypeGPIOInput
00001d6b   GPIOPinTypeGPIOOutput
00001d7d   GPIOPinTypeSSI
00001d8f   GPIOPinTypeUART
00001da1   __TI_zero_init
00001db5   SysTickIntHandler
00001dc5   SysTickPeriodSet
00001dd5   __TI_decompress_none
00001de5   RIT128x96x4DisplayOff
00001df1   SSIDataPut
00001dfb   SSIDisable
00001e05   SSIEnable
00001e0f   UARTCharGet
00001e19   UARTCharPut
00001e23   SSIBusy
00001e2b   UARTStdioInit
00001e33   GPIOPinRead
00001e39   GPIOPinWrite
00001e3f   ResetISR
00001e45   SysCtlDelay
00001e4b   __TI_decompress_rle24
00002030   _ctypes_
000022a8   __TI_Handler_Table_Base
000022b4   __TI_Handler_Table_Limit
000022c0   __TI_CINIT_Base
000022d0   __TI_CINIT_Limit
20000000   __stack
20000100   __STACK_TOP
20000800   __STACK_END
20000830   _lock
20000834   _unlock
20000838   _cleanup_ptr
2000083c   _dtors_ptr
20000848   main_func_sp
20000858   systemClock
ffffffff   __binit__
ffffffff   __c_args__
ffffffff   binit
UNDEFED    SHT$$INIT_ARRAY$$Base
UNDEFED    SHT$$INIT_ARRAY$$Limit

[102 symbols]
