******************************************************************************
                  TI ARM Linker PC v5.0.4                      
******************************************************************************
>> Linked Mon Apr 28 12:52:06 2014

OUTPUT FILE NAME:   <FreeRTOS_IntTimer.out>
ENTRY POINT SYMBOL: "_c_int00"  address: 000032c5


MEMORY CONFIGURATION

         name            origin    length      used     unused   attr    fill
----------------------  --------  ---------  --------  --------  ----  --------
  FLASH                 00000000   00040000  00003a0c  0003c5f4  R  X
  SRAM                  20000000   00010000  000029ec  0000d614  RW X


SEGMENT ALLOCATION MAP

run origin  load origin   length   init length attrs members
----------  ----------- ---------- ----------- ----- -------
00000000    00000000    00003a10   00003a10    r-x
  00000000    00000000    000000f0   000000f0    r-- .intvecs
  000000f0    000000f0    00003446   00003446    r-x .text
  00003538    00003538    0000048e   0000048e    r-- .const
  000039c8    000039c8    00000048   00000048    r-- .cinit
20000000    20000000    00002990   00000000    rw-
  20000000    20000000    00002190   00000000    rw- .bss
  20002190    20002190    00000800   00000000    rw- .stack
20002990    20002990    0000005c   0000005c    rw-
  20002990    20002990    0000005c   0000005c    rw- .data


SECTION ALLOCATION MAP

 output                                  attributes/
section   page    origin      length       input sections
--------  ----  ----------  ----------   ----------------
.intvecs   0    00000000    000000f0     
                  00000000    000000f0     startup_ccs.obj (.intvecs)

.text      0    000000f0    00003446     
                  000000f0    000007a4     tasks.obj (.text)
                  00000894    0000071a     rtsv7M3_T_le_eabi.lib : _printfi_nf.obj (.text)
                  00000fae    000005ee     queue.obj (.text)
                  0000159c    00000510     rit128x96x4.obj (.text)
                  00001aac    0000047c     uartstdio.obj (.text)
                  00001f28    00000230     Main_IntTimer.obj (.text)
                  00002158    000001f4     rtsv7M3_T_le_eabi.lib : ull_div_t2.obj (.text)
                  0000234c    000001b4     heap_2.obj (.text)
                  00002500    00000198     driverlib-cm3.lib : sysctl.obj (.text:SysCtlClockGet)
                  00002698    00000144                       : sysctl.obj (.text:SysCtlClockSet)
                  000027dc    00000132     list.obj (.text)
                  0000290e    00000002     --HOLE-- [fill = 0]
                  00002910    00000130     Task_IntTimer.obj (.text)
                  00002a40    000000e8     port.obj (.text)
                  00002b28    000000c8     driverlib-cm3.lib : gpio.obj (.text:GPIOPadConfigSet)
                  00002bf0    0000009c     rtsv7M3_T_le_eabi.lib : memcpy_t2.obj (.text)
                  00002c8c    00000094                           : auto_init.obj (.text)
                  00002d20    00000088     driverlib-cm3.lib : sysctl.obj (.text:SysCtlPeripheralReset)
                  00002da8    00000080     portasm.obj (.text)
                  00002e28    00000078     driverlib-cm3.lib : sysctl.obj (.text:SysCtlPeripheralPresent)
                  00002ea0    00000078     rtsv7M3_T_le_eabi.lib : memset_t2.obj (.text)
                  00002f18    00000064     driverlib-cm3.lib : interrupt.obj (.text:IntEnable)
                  00002f7c    00000060     rtsv7M3_T_le_eabi.lib : sprintf.obj (.text)
                  00002fdc    0000005e                           : copy_decompress_rle.obj (.text)
                  0000303a    00000002     --HOLE-- [fill = 0]
                  0000303c    00000058     driverlib-cm3.lib : sysctl.obj (.text:SysCtlPeripheralDisable)
                  00003094    00000058                       : sysctl.obj (.text:SysCtlPeripheralEnable)
                  000030ec    0000004c     rtsv7M3_T_le_eabi.lib : atoi.obj (.text)
                  00003138    00000044     driverlib-cm3.lib : ssi.obj (.text:SSIConfigSetExpClk)
                  0000317c    00000044     rtsv7M3_T_le_eabi.lib : cpy_tbl.obj (.text)
                  000031c0    00000042     driverlib-cm3.lib : uart.obj (.text:UARTConfigSetExpClk)
                  00003202    00000042     rtsv7M3_T_le_eabi.lib : u_divt2.obj (.text)
                  00003244    00000040     Task_IntTimer.obj (.text:retain)
                  00003284    00000040     rtsv7M3_T_le_eabi.lib : exit.obj (.text)
                  000032c4    00000034                           : boot.obj (.text)
                  000032f8    00000030                           : strncpy.obj (.text)
                  00003328    0000002e     driverlib-cm3.lib : gpio.obj (.text:GPIODirModeSet)
                  00003356    00000002     --HOLE-- [fill = 0]
                  00003358    00000024                       : timer.obj (.text:TimerConfigure)
                  0000337c    0000001c                       : uart.obj (.text:UARTDisable)
                  00003398    0000001a     rtsv7M3_T_le_eabi.lib : memccpy.obj (.text)
                  000033b2    00000002     --HOLE-- [fill = 0]
                  000033b4    00000018                           : args_main.obj (.text)
                  000033cc    00000018                           : ll_mul_t2.obj (.text)
                  000033e4    00000014     driverlib-cm3.lib : uart.obj (.text:UARTEnable)
                  000033f8    00000014     rtsv7M3_T_le_eabi.lib : _lock.obj (.text)
                  0000340c    00000014                           : strlen.obj (.text)
                  00003420    00000012     driverlib-cm3.lib : gpio.obj (.text:GPIOPinTypeGPIOInput)
                  00003432    00000012                       : gpio.obj (.text:GPIOPinTypeGPIOOutput)
                  00003444    00000012                       : gpio.obj (.text:GPIOPinTypeSSI)
                  00003456    00000012                       : gpio.obj (.text:GPIOPinTypeUART)
                  00003468    00000012                       : ssi.obj (.text:SSIDataGetNonBlocking)
                  0000347a    00000012                       : timer.obj (.text:TimerLoadSet)
                  0000348c    00000012                       : timer.obj (.text:TimerPrescaleSet)
                  0000349e    00000012     rtsv7M3_T_le_eabi.lib : copy_zero_init.obj (.text:decompress:ZI)
                  000034b0    0000000e     driverlib-cm3.lib : timer.obj (.text:TimerEnable)
                  000034be    0000000e     rtsv7M3_T_le_eabi.lib : copy_decompress_none.obj (.text:decompress:none)
                  000034cc    0000000c     startup_ccs.obj (.text)
                  000034d8    0000000a     driverlib-cm3.lib : ssi.obj (.text:SSIDataPut)
                  000034e2    0000000a                       : ssi.obj (.text:SSIDisable)
                  000034ec    0000000a                       : ssi.obj (.text:SSIEnable)
                  000034f6    0000000a                       : uart.obj (.text:UARTCharGet)
                  00003500    0000000a                       : uart.obj (.text:UARTCharPut)
                  0000350a    00000008                       : ssi.obj (.text:SSIBusy)
                  00003512    00000008                       : timer.obj (.text:TimerIntEnable)
                  0000351a    00000006                       : gpio.obj (.text:GPIOPinRead)
                  00003520    00000006                       : gpio.obj (.text:GPIOPinWrite)
                  00003526    00000006                       : sysctl.obj (.text:SysCtlDelay)
                  0000352c    00000006     rtsv7M3_T_le_eabi.lib : copy_decompress_rle.obj (.text:decompress:rle24)
                  00003532    00000004     driverlib-cm3.lib : timer.obj (.text:TimerIntClear)

.const     0    00003538    0000048e     
                  00003538    000001e0     rit128x96x4.obj (.const:g_pucFont)
                  00003718    00000101     rtsv7M3_T_le_eabi.lib : ctype.obj (.const:.string:_ctypes_)
                  00003819    00000003     --HOLE-- [fill = 0]
                  0000381c    00000070     driverlib-cm3.lib : interrupt.obj (.const)
                  0000388c    0000006c                       : sysctl.obj (.const:g_pulXtals)
                  000038f8    0000004f     rit128x96x4.obj (.const:.string:g_pucRIT128x96x4Init)
                  00003947    00000001     --HOLE-- [fill = 0]
                  00003948    00000040     driverlib-cm3.lib : sysctl.obj (.const)
                  00003988    0000001c     uartstdio.obj (.const)
                  000039a4    00000012     uartstdio.obj (.const:.string)
                  000039b6    00000002     --HOLE-- [fill = 0]
                  000039b8    0000000c     rit128x96x4.obj (.const:.string)
                  000039c4    00000002     heap_2.obj (.const)

.cinit     0    000039c8    00000048     
                  000039c8    00000020     (.cinit..data.load) [load image, compression = rle]
                  000039e8    0000000c     (__TI_handler_table)
                  000039f4    00000004     --HOLE-- [fill = 0]
                  000039f8    00000008     (.cinit..bss.load) [load image, compression = zero_init]
                  00003a00    00000010     (__TI_cinit_table)

.bss       0    20000000    00002190     UNINITIALIZED
                  20000000    00002000     heap_2.obj (.bss:xHeap)
                  20002000    00000100     startup_ccs.obj (.bss:pulStack)
                  20002100    00000044     tasks.obj (.bss)
                  20002144    00000028     tasks.obj (.bss:pxReadyTasksLists)
                  2000216c    00000010     heap_2.obj (.bss)
                  2000217c    0000000c     rit128x96x4.obj (.bss)
                  20002188    00000008     Task_IntTimer.obj (.bss)

.stack     0    20002190    00000800     UNINITIALIZED
                  20002190    00000800     --HOLE--

.data      0    20002990    0000005c     
                  20002990    00000030     tasks.obj (.data)
                  200029c0    00000008     heap_2.obj (.data)
                  200029c8    00000008     port.obj (.data)
                  200029d0    00000008     rtsv7M3_T_le_eabi.lib : _lock.obj (.data)
                  200029d8    00000008                           : exit.obj (.data)
                  200029e0    00000005     uartstdio.obj (.data)
                  200029e5    00000003     --HOLE--
                  200029e8    00000004     rtsv7M3_T_le_eabi.lib : stkdepth_vars.obj (.data)


LINKER GENERATED COPY TABLES

__TI_cinit_table @ 00003a00 records: 2, size/record: 8, table size: 16
	.data: load addr=000039c8, load size=00000020 bytes, run addr=20002990, run size=0000005c bytes, compression=rle
	.bss: load addr=000039f8, load size=00000008 bytes, run addr=20000000, run size=00002190 bytes, compression=zero_init


LINKER GENERATED HANDLER TABLE

__TI_handler_table @ 000039e8 records: 3, size/record: 4, table size: 12
	index: 0, handler: __TI_decompress_rle24
	index: 1, handler: __TI_decompress_none
	index: 2, handler: __TI_zero_init


GLOBAL SYMBOLS: SORTED ALPHABETICALLY BY Name 

address    name
--------   ----
00001fab   BlinkLED
00003285   C$$EXIT
00001ff3   Display
00003329   GPIODirModeSet
00002b29   GPIOPadConfigSet
0000351b   GPIOPinRead
00003421   GPIOPinTypeGPIOInput
00003433   GPIOPinTypeGPIOOutput
00003445   GPIOPinTypeSSI
00003457   GPIOPinTypeUART
00003521   GPIOPinWrite
00002f19   IntEnable
00001f29   PrintInit
000016a5   RIT128x96x4Clear
00001937   RIT128x96x4Disable
00001a79   RIT128x96x4DisplayOff
00001a45   RIT128x96x4DisplayOn
000018dd   RIT128x96x4Enable
00001841   RIT128x96x4ImageDraw
000019a5   RIT128x96x4Init
00001711   RIT128x96x4StringDraw
000034cd   ResetISR
UNDEFED    SHT$$INIT_ARRAY$$Base
UNDEFED    SHT$$INIT_ARRAY$$Limit
0000350b   SSIBusy
00003139   SSIConfigSetExpClk
00003469   SSIDataGetNonBlocking
000034d9   SSIDataPut
000034e3   SSIDisable
000034ed   SSIEnable
00002501   SysCtlClockGet
00002699   SysCtlClockSet
00003527   SysCtlDelay
0000303d   SysCtlPeripheralDisable
00003095   SysCtlPeripheralEnable
00002e29   SysCtlPeripheralPresent
00002d21   SysCtlPeripheralReset
00002911   Task_IntTimer
00003359   TimerConfigure
2000218c   TimerCount
000034b1   TimerEnable
00003533   TimerIntClear
00003513   TimerIntEnable
0000347b   TimerLoadSet
0000348d   TimerPrescaleSet
00003245   Timer_0_A_ISR
20002188   Timer_0_A_Semaphore
000034f7   UARTCharGet
00003501   UARTCharPut
000031c1   UARTConfigSetExpClk
0000337d   UARTDisable
000033e5   UARTEnable
00001aad   UARTStdioConfig
00001af3   UARTStdioInit
00001b09   UARTStdioInitExpClk
00001c1d   UARTgetc
00001b65   UARTgets
00001c45   UARTprintf
00001b1f   UARTwrite
20002990   __STACK_END
00000800   __STACK_SIZE
20002290   __STACK_TOP
00003a00   __TI_CINIT_Base
00003a10   __TI_CINIT_Limit
000039e8   __TI_Handler_Table_Base
000039f4   __TI_Handler_Table_Limit
00000001   __TI_args_main
00002c8d   __TI_auto_init
000034bf   __TI_decompress_none
0000352d   __TI_decompress_rle24
00000000   __TI_static_base__
0000349f   __TI_zero_init
000033cd   __aeabi_lmul
00002ea1   __aeabi_memclr
00002ea1   __aeabi_memclr4
00002ea1   __aeabi_memclr8
00002bf1   __aeabi_memcpy
00002bf1   __aeabi_memcpy4
00002bf1   __aeabi_memcpy8
00002ea3   __aeabi_memset
00002ea3   __aeabi_memset4
00002ea3   __aeabi_memset8
00003203   __aeabi_uidivmod
00002159   __aeabi_uldivmod
ffffffff   __binit__
ffffffff   __c_args__
20002190   __stack
000033b5   _args_main
000032c5   _c_int00
200029d8   _cleanup_ptr
00003718   _ctypes_
200029dc   _dtors_ptr
200029d0   _lock
00003407   _nop
00000ca9   _printfi_nofloat
000033ff   _register_lock
000033f9   _register_unlock
200029d4   _unlock
00003289   abort
000030ed   atoi
ffffffff   binit
0000317d   copy_in
00003291   exit
00000000   g_pfnVectors
00002035   main
200029e8   main_func_sp
00003399   memccpy
00002bf1   memcpy
00002ea9   memset
0000234d   pvPortMalloc
20002990   pxCurrentTCB
00002a41   pxPortInitialiseStack
00002f7d   sprintf
0000340d   strlen
000032f9   strncpy
00002de5   ulPortSetInterruptMask
000028c7   uxListRemove
00001399   uxQueueMessagesWaiting
000013af   uxQueueMessagesWaitingFromISR
00000439   uxTaskGetNumberOfTasks
000027dd   vListInitialise
0000280d   vListInitialiseItem
00002861   vListInsert
0000281d   vListInsertEnd
00002df3   vPortClearInterruptMask
00002ab1   vPortEndScheduler
00002abd   vPortEnterCritical
00002acd   vPortExitCritical
00002475   vPortFree
000024df   vPortInitialiseBlocks
00002df9   vPortSVCHandler
00002aff   vPortSetupTimerInterrupt
00002e17   vPortStartFirstTask
00002ab3   vPortYieldFromISR
000013c1   vQueueDelete
00000291   vTaskDelay
0000020b   vTaskDelayUntil
00000311   vTaskEndScheduler
00000451   vTaskIncrementTick
00000705   vTaskMissedYield
000005c5   vTaskPlaceOnEventList
00000675   vTaskSetTimeOutState
000002cb   vTaskStartScheduler
00000323   vTaskSuspendAll
0000054d   vTaskSwitchContext
000024d9   xPortGetFreeHeapSize
00002da9   xPortPendSVHandler
00002a89   xPortStartScheduler
200029cc   xPortSysTickCount
00002ae5   xPortSysTickHandler
0000103f   xQueueGenericCreate
00001207   xQueueGenericReceive
00000faf   xQueueGenericReset
000010a3   xQueueGenericSend
0000118f   xQueueGenericSendFromISR
00001539   xQueueIsQueueEmptyFromISR
0000157b   xQueueIsQueueFullFromISR
00001321   xQueueReceiveFromISR
000006a1   xTaskCheckForTimeOut
000000f1   xTaskGenericCreate
0000040d   xTaskGetTickCount
00000421   xTaskGetTickCountFromISR
000005fd   xTaskRemoveFromEventList
0000033d   xTaskResumeAll


GLOBAL SYMBOLS: SORTED BY Symbol Address 

address    name
--------   ----
00000000   __TI_static_base__
00000000   g_pfnVectors
00000001   __TI_args_main
000000f1   xTaskGenericCreate
0000020b   vTaskDelayUntil
00000291   vTaskDelay
000002cb   vTaskStartScheduler
00000311   vTaskEndScheduler
00000323   vTaskSuspendAll
0000033d   xTaskResumeAll
0000040d   xTaskGetTickCount
00000421   xTaskGetTickCountFromISR
00000439   uxTaskGetNumberOfTasks
00000451   vTaskIncrementTick
0000054d   vTaskSwitchContext
000005c5   vTaskPlaceOnEventList
000005fd   xTaskRemoveFromEventList
00000675   vTaskSetTimeOutState
000006a1   xTaskCheckForTimeOut
00000705   vTaskMissedYield
00000800   __STACK_SIZE
00000ca9   _printfi_nofloat
00000faf   xQueueGenericReset
0000103f   xQueueGenericCreate
000010a3   xQueueGenericSend
0000118f   xQueueGenericSendFromISR
00001207   xQueueGenericReceive
00001321   xQueueReceiveFromISR
00001399   uxQueueMessagesWaiting
000013af   uxQueueMessagesWaitingFromISR
000013c1   vQueueDelete
00001539   xQueueIsQueueEmptyFromISR
0000157b   xQueueIsQueueFullFromISR
000016a5   RIT128x96x4Clear
00001711   RIT128x96x4StringDraw
00001841   RIT128x96x4ImageDraw
000018dd   RIT128x96x4Enable
00001937   RIT128x96x4Disable
000019a5   RIT128x96x4Init
00001a45   RIT128x96x4DisplayOn
00001a79   RIT128x96x4DisplayOff
00001aad   UARTStdioConfig
00001af3   UARTStdioInit
00001b09   UARTStdioInitExpClk
00001b1f   UARTwrite
00001b65   UARTgets
00001c1d   UARTgetc
00001c45   UARTprintf
00001f29   PrintInit
00001fab   BlinkLED
00001ff3   Display
00002035   main
00002159   __aeabi_uldivmod
0000234d   pvPortMalloc
00002475   vPortFree
000024d9   xPortGetFreeHeapSize
000024df   vPortInitialiseBlocks
00002501   SysCtlClockGet
00002699   SysCtlClockSet
000027dd   vListInitialise
0000280d   vListInitialiseItem
0000281d   vListInsertEnd
00002861   vListInsert
000028c7   uxListRemove
00002911   Task_IntTimer
00002a41   pxPortInitialiseStack
00002a89   xPortStartScheduler
00002ab1   vPortEndScheduler
00002ab3   vPortYieldFromISR
00002abd   vPortEnterCritical
00002acd   vPortExitCritical
00002ae5   xPortSysTickHandler
00002aff   vPortSetupTimerInterrupt
00002b29   GPIOPadConfigSet
00002bf1   __aeabi_memcpy
00002bf1   __aeabi_memcpy4
00002bf1   __aeabi_memcpy8
00002bf1   memcpy
00002c8d   __TI_auto_init
00002d21   SysCtlPeripheralReset
00002da9   xPortPendSVHandler
00002de5   ulPortSetInterruptMask
00002df3   vPortClearInterruptMask
00002df9   vPortSVCHandler
00002e17   vPortStartFirstTask
00002e29   SysCtlPeripheralPresent
00002ea1   __aeabi_memclr
00002ea1   __aeabi_memclr4
00002ea1   __aeabi_memclr8
00002ea3   __aeabi_memset
00002ea3   __aeabi_memset4
00002ea3   __aeabi_memset8
00002ea9   memset
00002f19   IntEnable
00002f7d   sprintf
0000303d   SysCtlPeripheralDisable
00003095   SysCtlPeripheralEnable
000030ed   atoi
00003139   SSIConfigSetExpClk
0000317d   copy_in
000031c1   UARTConfigSetExpClk
00003203   __aeabi_uidivmod
00003245   Timer_0_A_ISR
00003285   C$$EXIT
00003289   abort
00003291   exit
000032c5   _c_int00
000032f9   strncpy
00003329   GPIODirModeSet
00003359   TimerConfigure
0000337d   UARTDisable
00003399   memccpy
000033b5   _args_main
000033cd   __aeabi_lmul
000033e5   UARTEnable
000033f9   _register_unlock
000033ff   _register_lock
00003407   _nop
0000340d   strlen
00003421   GPIOPinTypeGPIOInput
00003433   GPIOPinTypeGPIOOutput
00003445   GPIOPinTypeSSI
00003457   GPIOPinTypeUART
00003469   SSIDataGetNonBlocking
0000347b   TimerLoadSet
0000348d   TimerPrescaleSet
0000349f   __TI_zero_init
000034b1   TimerEnable
000034bf   __TI_decompress_none
000034cd   ResetISR
000034d9   SSIDataPut
000034e3   SSIDisable
000034ed   SSIEnable
000034f7   UARTCharGet
00003501   UARTCharPut
0000350b   SSIBusy
00003513   TimerIntEnable
0000351b   GPIOPinRead
00003521   GPIOPinWrite
00003527   SysCtlDelay
0000352d   __TI_decompress_rle24
00003533   TimerIntClear
00003718   _ctypes_
000039e8   __TI_Handler_Table_Base
000039f4   __TI_Handler_Table_Limit
00003a00   __TI_CINIT_Base
00003a10   __TI_CINIT_Limit
20002188   Timer_0_A_Semaphore
2000218c   TimerCount
20002190   __stack
20002290   __STACK_TOP
20002990   __STACK_END
20002990   pxCurrentTCB
200029cc   xPortSysTickCount
200029d0   _lock
200029d4   _unlock
200029d8   _cleanup_ptr
200029dc   _dtors_ptr
200029e8   main_func_sp
ffffffff   __binit__
ffffffff   __c_args__
ffffffff   binit
UNDEFED    SHT$$INIT_ARRAY$$Base
UNDEFED    SHT$$INIT_ARRAY$$Limit

[164 symbols]
