******************************************************************************
                  TI ARM Linker PC v5.0.4                      
******************************************************************************
>> Linked Mon Mar 31 10:05:42 2014

OUTPUT FILE NAME:   <Task_Blinky.out>
ENTRY POINT SYMBOL: "_c_int00"  address: 000017fd


MEMORY CONFIGURATION

         name            origin    length      used     unused   attr    fill
----------------------  --------  ---------  --------  --------  ----  --------
  FLASH                 00000000   00040000  00001e9a  0003e166  R  X
  SRAM                  20000000   00010000  00000858  0000f7a8  RW X


SEGMENT ALLOCATION MAP

run origin  load origin   length   init length attrs members
----------  ----------- ---------- ----------- ----- -------
00000000    00000000    00001ea0   00001ea0    r-x
  00000000    00000000    000000f0   000000f0    r-- .intvecs
  000000f0    000000f0    00001966   00001966    r-x .text
  00001a58    00001a58    000003ec   000003ec    r-- .const
  00001e48    00001e48    00000058   00000058    r-- .cinit
20000000    20000000    00000800   00000000    rw-
  20000000    20000000    00000800   00000000    rw- .stack
20000800    20000800    00000058   00000044    rw-
  20000800    20000800    00000044   00000044    rw- .data
  20000844    20000844    00000014   00000000    rw- .bss


SECTION ALLOCATION MAP

 output                                  attributes/
section   page    origin      length       input sections
--------  ----  ----------  ----------   ----------------
.intvecs   0    00000000    000000f0     
                  00000000    000000f0     new_startup_ccs.obj (.intvecs)

.init_array 
*          0    00000000    00000000     UNINITIALIZED

.text      0    000000f0    00001966     
                  000000f0    0000071a     rtsv7M3_T_le_eabi.lib : _printfi_nf.obj (.text)
                  0000080a    000001f4                           : ull_div_t2.obj (.text)
                  000009fe    00000002     new_startup_ccs.obj (.text:FaultISR)
                  00000a00    00000198     driverlib-cm3.lib : sysctl.obj (.text:SysCtlClockGet)
                  00000b98    00000144                       : sysctl.obj (.text:SysCtlClockSet)
                  00000cdc    000000d4     rit128x96x4.obj (.text:RIT128x96x4StringDraw)
                  00000db0    000000c8     driverlib-cm3.lib : gpio.obj (.text:GPIOPadConfigSet)
                  00000e78    000000a4     rit128x96x4.obj (.text:RIT128x96x4Init)
                  00000f1c    0000009c     rtsv7M3_T_le_eabi.lib : memcpy_t2.obj (.text)
                  00000fb8    00000098     Theremin.obj (.text:ADCPotExecute)
                  00001050    00000094     rtsv7M3_T_le_eabi.lib : auto_init.obj (.text)
                  000010e4    00000078                           : memset_t2.obj (.text)
                  0000115c    00000070     Theremin.obj (.text:FrequencyDisplayExecute)
                  000011cc    0000006c     driverlib-cm3.lib : adc.obj (.text:ADCSequenceStepConfigure)
                  00001238    00000060     rit128x96x4.obj (.text:RIT128x96x4Enable)
                  00001298    00000060     rit128x96x4.obj (.text:RITWriteCommand)
                  000012f8    00000060     rit128x96x4.obj (.text:RITWriteData)
                  00001358    00000060     rtsv7M3_T_le_eabi.lib : sprintf.obj (.text)
                  000013b8    0000005e                           : copy_decompress_rle.obj (.text)
                  00001416    00000002     new_startup_ccs.obj (.text:IntDefaultHandler)
                  00001418    00000058     Theremin.obj (.text:ADCPotInit)
                  00001470    00000058     driverlib-cm3.lib : sysctl.obj (.text:SysCtlPeripheralEnable)
                  000014c8    00000054     Theremin.obj (.text:ADCDisplayExecute)
                  0000151c    00000050     Theremin.obj (.text:SpeakerBuzzExecute)
                  0000156c    00000050     Theremin.obj (.text:main)
                  000015bc    0000004c     Theremin.obj (.text:DisplayInit)
                  00001608    0000004c     Theremin.obj (.text:SpeakerBuzzInit)
                  00001654    0000004c     Theremin.obj (.text:TickDisplayExecute)
                  000016a0    0000004c     rtsv7M3_T_le_eabi.lib : atoi.obj (.text)
                  000016ec    00000048     rit128x96x4.obj (.text:RIT128x96x4Clear)
                  00001734    00000044     driverlib-cm3.lib : ssi.obj (.text:SSIConfigSetExpClk)
                  00001778    00000044     rtsv7M3_T_le_eabi.lib : cpy_tbl.obj (.text)
                  000017bc    00000040                           : exit.obj (.text)
                  000017fc    00000034                           : boot.obj (.text)
                  00001830    0000002e     driverlib-cm3.lib : adc.obj (.text:ADCIntStatus)
                  0000185e    0000002e                       : gpio.obj (.text:GPIODirModeSet)
                  0000188c    0000002a                       : adc.obj (.text:ADCSequenceConfigure)
                  000018b6    00000020                       : adc.obj (.text:ADCSequenceDataGet)
                  000018d6    0000001a     rtsv7M3_T_le_eabi.lib : memccpy.obj (.text)
                  000018f0    00000018                           : args_main.obj (.text)
                  00001908    00000018                           : ll_mul_t2.obj (.text)
                  00001920    00000016     driverlib-cm3.lib : adc.obj (.text:ADCProcessorTrigger)
                  00001936    00000002     new_startup_ccs.obj (.text:NmiSR)
                  00001938    00000014     driverlib-cm3.lib : systick.obj (.text:SysTickEnable)
                  0000194c    00000014                       : systick.obj (.text:SysTickIntEnable)
                  00001960    00000014     rtsv7M3_T_le_eabi.lib : _lock.obj (.text)
                  00001974    00000014                           : strlen.obj (.text)
                  00001988    00000012     driverlib-cm3.lib : gpio.obj (.text:GPIOPinTypeGPIOOutput)
                  0000199a    00000012                       : gpio.obj (.text:GPIOPinTypeSSI)
                  000019ac    00000012     rtsv7M3_T_le_eabi.lib : copy_zero_init.obj (.text:decompress:ZI)
                  000019be    00000002     --HOLE-- [fill = 0]
                  000019c0    00000010     Theremin.obj (.text:SysTickIntHandler)
                  000019d0    00000010     driverlib-cm3.lib : systick.obj (.text:SysTickPeriodSet)
                  000019e0    0000000e                       : adc.obj (.text:ADCSequenceEnable)
                  000019ee    0000000e     rtsv7M3_T_le_eabi.lib : copy_decompress_none.obj (.text:decompress:none)
                  000019fc    0000000c     rit128x96x4.obj (.text:RIT128x96x4DisplayOff)
                  00001a08    0000000a     driverlib-cm3.lib : adc.obj (.text:ADCIntClear)
                  00001a12    0000000a                       : ssi.obj (.text:SSIDataPut)
                  00001a1c    0000000a                       : ssi.obj (.text:SSIDisable)
                  00001a26    0000000a                       : ssi.obj (.text:SSIEnable)
                  00001a30    00000008                       : ssi.obj (.text:SSIBusy)
                  00001a38    00000006                       : gpio.obj (.text:GPIOPinRead)
                  00001a3e    00000006                       : gpio.obj (.text:GPIOPinWrite)
                  00001a44    00000006     new_startup_ccs.obj (.text:ResetISR)
                  00001a4a    00000006     driverlib-cm3.lib : sysctl.obj (.text:SysCtlDelay)
                  00001a50    00000006     rtsv7M3_T_le_eabi.lib : copy_decompress_rle.obj (.text:decompress:rle24)

.const     0    00001a58    000003ec     
                  00001a58    000001e0     rit128x96x4.obj (.const:g_pucFont)
                  00001c38    00000101     rtsv7M3_T_le_eabi.lib : ctype.obj (.const:.string:_ctypes_)
                  00001d39    00000003     --HOLE-- [fill = 0]
                  00001d3c    0000006c     driverlib-cm3.lib : sysctl.obj (.const:g_pulXtals)
                  00001da8    0000004f     rit128x96x4.obj (.const:.string:g_pucRIT128x96x4Init)
                  00001df7    00000001     --HOLE-- [fill = 0]
                  00001df8    00000040     driverlib-cm3.lib : sysctl.obj (.const)
                  00001e38    0000000c     rit128x96x4.obj (.const:.string)

.cinit     0    00001e48    00000058     
                  00001e48    0000002f     (.cinit..data.load) [load image, compression = rle]
                  00001e77    00000001     --HOLE-- [fill = 0]
                  00001e78    0000000c     (__TI_handler_table)
                  00001e84    00000004     --HOLE-- [fill = 0]
                  00001e88    00000008     (.cinit..bss.load) [load image, compression = zero_init]
                  00001e90    00000010     (__TI_cinit_table)

.stack     0    20000000    00000800     UNINITIALIZED
                  20000000    00000800     --HOLE--

.data      0    20000800    00000044     
                  20000800    00000030     Theremin.obj (.data)
                  20000830    00000008     rtsv7M3_T_le_eabi.lib : _lock.obj (.data)
                  20000838    00000008                           : exit.obj (.data)
                  20000840    00000004                           : stkdepth_vars.obj (.data)

.bss       0    20000844    00000014     UNINITIALIZED
                  20000844    0000000c     rit128x96x4.obj (.bss)
                  20000850    00000008     Theremin.obj (.bss)


LINKER GENERATED COPY TABLES

__TI_cinit_table @ 00001e90 records: 2, size/record: 8, table size: 16
	.data: load addr=00001e48, load size=0000002f bytes, run addr=20000800, run size=00000044 bytes, compression=rle
	.bss: load addr=00001e88, load size=00000008 bytes, run addr=20000844, run size=00000014 bytes, compression=zero_init


LINKER GENERATED HANDLER TABLE

__TI_handler_table @ 00001e78 records: 3, size/record: 4, table size: 12
	index: 0, handler: __TI_decompress_rle24
	index: 1, handler: __TI_decompress_none
	index: 2, handler: __TI_zero_init


GLOBAL SYMBOLS: SORTED ALPHABETICALLY BY Name 

address    name
--------   ----
000014c9   ADCDisplayExecute
00001a09   ADCIntClear
00001831   ADCIntStatus
00000fb9   ADCPotExecute
00001419   ADCPotInit
00001921   ADCProcessorTrigger
0000188d   ADCSequenceConfigure
000018b7   ADCSequenceDataGet
000019e1   ADCSequenceEnable
000011cd   ADCSequenceStepConfigure
000017bd   C$$EXIT
000015bd   DisplayInit
0000115d   FrequencyDisplayExecute
0000185f   GPIODirModeSet
00000db1   GPIOPadConfigSet
00001a39   GPIOPinRead
00001989   GPIOPinTypeGPIOOutput
0000199b   GPIOPinTypeSSI
00001a3f   GPIOPinWrite
000016ed   RIT128x96x4Clear
000019fd   RIT128x96x4DisplayOff
00001239   RIT128x96x4Enable
00000e79   RIT128x96x4Init
00000cdd   RIT128x96x4StringDraw
00001a45   ResetISR
UNDEFED    SHT$$INIT_ARRAY$$Base
UNDEFED    SHT$$INIT_ARRAY$$Limit
00001a31   SSIBusy
00001735   SSIConfigSetExpClk
00001a13   SSIDataPut
00001a1d   SSIDisable
00001a27   SSIEnable
0000151d   SpeakerBuzzExecute
00001609   SpeakerBuzzInit
00000a01   SysCtlClockGet
00000b99   SysCtlClockSet
00001a4b   SysCtlDelay
00001471   SysCtlPeripheralEnable
00001939   SysTickEnable
0000194d   SysTickIntEnable
000019c1   SysTickIntHandler
000019d1   SysTickPeriodSet
00001655   TickDisplayExecute
20000800   __STACK_END
00000800   __STACK_SIZE
20000100   __STACK_TOP
00001e90   __TI_CINIT_Base
00001ea0   __TI_CINIT_Limit
00001e78   __TI_Handler_Table_Base
00001e84   __TI_Handler_Table_Limit
00000001   __TI_args_main
00001051   __TI_auto_init
000019ef   __TI_decompress_none
00001a51   __TI_decompress_rle24
00000000   __TI_static_base__
000019ad   __TI_zero_init
00001909   __aeabi_lmul
000010e5   __aeabi_memclr
000010e5   __aeabi_memclr4
000010e5   __aeabi_memclr8
00000f1d   __aeabi_memcpy
00000f1d   __aeabi_memcpy4
00000f1d   __aeabi_memcpy8
000010e7   __aeabi_memset
000010e7   __aeabi_memset4
000010e7   __aeabi_memset8
0000080b   __aeabi_uldivmod
ffffffff   __binit__
ffffffff   __c_args__
20000000   __stack
000018f1   _args_main
000017fd   _c_int00
20000838   _cleanup_ptr
00001c38   _ctypes_
2000083c   _dtors_ptr
20000830   _lock
0000196f   _nop
00000505   _printfi_nofloat
00001967   _register_lock
00001961   _register_unlock
20000834   _unlock
000017c1   abort
000016a1   atoi
ffffffff   binit
00001779   copy_in
000017c9   exit
00000000   g_pfnVectors
0000156d   main
20000840   main_func_sp
000018d7   memccpy
00000f1d   memcpy
000010ed   memset
00001359   sprintf
00001975   strlen
20000850   systemClock


GLOBAL SYMBOLS: SORTED BY Symbol Address 

address    name
--------   ----
00000000   __TI_static_base__
00000000   g_pfnVectors
00000001   __TI_args_main
00000505   _printfi_nofloat
00000800   __STACK_SIZE
0000080b   __aeabi_uldivmod
00000a01   SysCtlClockGet
00000b99   SysCtlClockSet
00000cdd   RIT128x96x4StringDraw
00000db1   GPIOPadConfigSet
00000e79   RIT128x96x4Init
00000f1d   __aeabi_memcpy
00000f1d   __aeabi_memcpy4
00000f1d   __aeabi_memcpy8
00000f1d   memcpy
00000fb9   ADCPotExecute
00001051   __TI_auto_init
000010e5   __aeabi_memclr
000010e5   __aeabi_memclr4
000010e5   __aeabi_memclr8
000010e7   __aeabi_memset
000010e7   __aeabi_memset4
000010e7   __aeabi_memset8
000010ed   memset
0000115d   FrequencyDisplayExecute
000011cd   ADCSequenceStepConfigure
00001239   RIT128x96x4Enable
00001359   sprintf
00001419   ADCPotInit
00001471   SysCtlPeripheralEnable
000014c9   ADCDisplayExecute
0000151d   SpeakerBuzzExecute
0000156d   main
000015bd   DisplayInit
00001609   SpeakerBuzzInit
00001655   TickDisplayExecute
000016a1   atoi
000016ed   RIT128x96x4Clear
00001735   SSIConfigSetExpClk
00001779   copy_in
000017bd   C$$EXIT
000017c1   abort
000017c9   exit
000017fd   _c_int00
00001831   ADCIntStatus
0000185f   GPIODirModeSet
0000188d   ADCSequenceConfigure
000018b7   ADCSequenceDataGet
000018d7   memccpy
000018f1   _args_main
00001909   __aeabi_lmul
00001921   ADCProcessorTrigger
00001939   SysTickEnable
0000194d   SysTickIntEnable
00001961   _register_unlock
00001967   _register_lock
0000196f   _nop
00001975   strlen
00001989   GPIOPinTypeGPIOOutput
0000199b   GPIOPinTypeSSI
000019ad   __TI_zero_init
000019c1   SysTickIntHandler
000019d1   SysTickPeriodSet
000019e1   ADCSequenceEnable
000019ef   __TI_decompress_none
000019fd   RIT128x96x4DisplayOff
00001a09   ADCIntClear
00001a13   SSIDataPut
00001a1d   SSIDisable
00001a27   SSIEnable
00001a31   SSIBusy
00001a39   GPIOPinRead
00001a3f   GPIOPinWrite
00001a45   ResetISR
00001a4b   SysCtlDelay
00001a51   __TI_decompress_rle24
00001c38   _ctypes_
00001e78   __TI_Handler_Table_Base
00001e84   __TI_Handler_Table_Limit
00001e90   __TI_CINIT_Base
00001ea0   __TI_CINIT_Limit
20000000   __stack
20000100   __STACK_TOP
20000800   __STACK_END
20000830   _lock
20000834   _unlock
20000838   _cleanup_ptr
2000083c   _dtors_ptr
20000840   main_func_sp
20000850   systemClock
ffffffff   __binit__
ffffffff   __c_args__
ffffffff   binit
UNDEFED    SHT$$INIT_ARRAY$$Base
UNDEFED    SHT$$INIT_ARRAY$$Limit

[95 symbols]
