******************************************************************************
                  TI ARM Linker PC v5.0.4                      
******************************************************************************
>> Linked Mon Apr 21 10:37:14 2014

OUTPUT FILE NAME:   <FreeRTOS_Assembly.out>
ENTRY POINT SYMBOL: "_c_int00"  address: 00002c11


MEMORY CONFIGURATION

         name            origin    length      used     unused   attr    fill
----------------------  --------  ---------  --------  --------  ----  --------
  FLASH                 00000000   00040000  00003294  0003cd6c  R  X
  SRAM                  20000000   00010000  000029e4  0000d61c  RW X


SEGMENT ALLOCATION MAP

run origin  load origin   length   init length attrs members
----------  ----------- ---------- ----------- ----- -------
00000000    00000000    00003298   00003298    r-x
  00000000    00000000    000000f0   000000f0    r-- .intvecs
  000000f0    000000f0    00002d3e   00002d3e    r-x .text
  00002e30    00002e30    0000041e   0000041e    r-- .const
  00003250    00003250    00000048   00000048    r-- .cinit
20000000    20000000    00002988   00000000    rw-
  20000000    20000000    00002188   00000000    rw- .bss
  20002188    20002188    00000800   00000000    rw- .stack
20002988    20002988    0000005c   0000005c    rw-
  20002988    20002988    0000005c   0000005c    rw- .data


SECTION ALLOCATION MAP

 output                                  attributes/
section   page    origin      length       input sections
--------  ----  ----------  ----------   ----------------
.intvecs   0    00000000    000000f0     
                  00000000    000000f0     startup_ccs.obj (.intvecs)

.text      0    000000f0    00002d3e     
                  000000f0    000007a4     tasks.obj (.text)
                  00000894    0000071a     rtsv7M3_T_le_eabi.lib : _printfi_nf.obj (.text)
                  00000fae    00000002     --HOLE-- [fill = 0]
                  00000fb0    00000510     rit128x96x4.obj (.text)
                  000014c0    0000047c     uartstdio.obj (.text)
                  0000193c    00000230     Main_AsmCompute.obj (.text)
                  00001b6c    000001f4     rtsv7M3_T_le_eabi.lib : ull_div_t2.obj (.text)
                  00001d60    000001b4     heap_2.obj (.text)
                  00001f14    00000198     driverlib-cm3.lib : sysctl.obj (.text:SysCtlClockGet)
                  000020ac    00000144                       : sysctl.obj (.text:SysCtlClockSet)
                  000021f0    00000132     list.obj (.text)
                  00002322    00000002     --HOLE-- [fill = 0]
                  00002324    0000010c     Task_AsmCompute.obj (.text)
                  00002430    000000e8     port.obj (.text)
                  00002518    000000c8     driverlib-cm3.lib : gpio.obj (.text:GPIOPadConfigSet)
                  000025e0    0000009c     rtsv7M3_T_le_eabi.lib : memcpy_t2.obj (.text)
                  0000267c    00000094                           : auto_init.obj (.text)
                  00002710    00000088     driverlib-cm3.lib : sysctl.obj (.text:SysCtlPeripheralReset)
                  00002798    00000080     portasm.obj (.text)
                  00002818    00000078     driverlib-cm3.lib : sysctl.obj (.text:SysCtlPeripheralPresent)
                  00002890    00000078     rtsv7M3_T_le_eabi.lib : memset_t2.obj (.text)
                  00002908    00000060                           : sprintf.obj (.text)
                  00002968    0000005e                           : copy_decompress_rle.obj (.text)
                  000029c6    00000002     --HOLE-- [fill = 0]
                  000029c8    00000058     driverlib-cm3.lib : sysctl.obj (.text:SysCtlPeripheralDisable)
                  00002a20    00000058                       : sysctl.obj (.text:SysCtlPeripheralEnable)
                  00002a78    0000004c     rtsv7M3_T_le_eabi.lib : atoi.obj (.text)
                  00002ac4    00000044     driverlib-cm3.lib : ssi.obj (.text:SSIConfigSetExpClk)
                  00002b08    00000044     rtsv7M3_T_le_eabi.lib : cpy_tbl.obj (.text)
                  00002b4c    00000042     driverlib-cm3.lib : uart.obj (.text:UARTConfigSetExpClk)
                  00002b8e    00000042     rtsv7M3_T_le_eabi.lib : u_divt2.obj (.text)
                  00002bd0    00000040                           : exit.obj (.text)
                  00002c10    00000034                           : boot.obj (.text)
                  00002c44    00000030                           : strncpy.obj (.text)
                  00002c74    0000002e     driverlib-cm3.lib : gpio.obj (.text:GPIODirModeSet)
                  00002ca2    00000002     --HOLE-- [fill = 0]
                  00002ca4    0000001c                       : uart.obj (.text:UARTDisable)
                  00002cc0    0000001a     rtsv7M3_T_le_eabi.lib : memccpy.obj (.text)
                  00002cda    00000002     --HOLE-- [fill = 0]
                  00002cdc    00000018                           : args_main.obj (.text)
                  00002cf4    00000018                           : ll_mul_t2.obj (.text)
                  00002d0c    00000014     driverlib-cm3.lib : uart.obj (.text:UARTEnable)
                  00002d20    00000014     rtsv7M3_T_le_eabi.lib : _lock.obj (.text)
                  00002d34    00000014                           : strlen.obj (.text)
                  00002d48    00000012     driverlib-cm3.lib : gpio.obj (.text:GPIOPinTypeGPIOInput)
                  00002d5a    00000012                       : gpio.obj (.text:GPIOPinTypeGPIOOutput)
                  00002d6c    00000012                       : gpio.obj (.text:GPIOPinTypeSSI)
                  00002d7e    00000012                       : gpio.obj (.text:GPIOPinTypeUART)
                  00002d90    00000012                       : ssi.obj (.text:SSIDataGetNonBlocking)
                  00002da2    00000012     rtsv7M3_T_le_eabi.lib : copy_zero_init.obj (.text:decompress:ZI)
                  00002db4    0000000e     AsmCompute.obj (.text)
                  00002dc2    0000000e     rtsv7M3_T_le_eabi.lib : copy_decompress_none.obj (.text:decompress:none)
                  00002dd0    0000000c     startup_ccs.obj (.text)
                  00002ddc    0000000a     driverlib-cm3.lib : ssi.obj (.text:SSIDataPut)
                  00002de6    0000000a                       : ssi.obj (.text:SSIDisable)
                  00002df0    0000000a                       : ssi.obj (.text:SSIEnable)
                  00002dfa    0000000a                       : uart.obj (.text:UARTCharGet)
                  00002e04    0000000a                       : uart.obj (.text:UARTCharPut)
                  00002e0e    00000008                       : ssi.obj (.text:SSIBusy)
                  00002e16    00000006                       : gpio.obj (.text:GPIOPinRead)
                  00002e1c    00000006                       : gpio.obj (.text:GPIOPinWrite)
                  00002e22    00000006                       : sysctl.obj (.text:SysCtlDelay)
                  00002e28    00000006     rtsv7M3_T_le_eabi.lib : copy_decompress_rle.obj (.text:decompress:rle24)

.const     0    00002e30    0000041e     
                  00002e30    000001e0     rit128x96x4.obj (.const:g_pucFont)
                  00003010    00000101     rtsv7M3_T_le_eabi.lib : ctype.obj (.const:.string:_ctypes_)
                  00003111    00000003     --HOLE-- [fill = 0]
                  00003114    0000006c     driverlib-cm3.lib : sysctl.obj (.const:g_pulXtals)
                  00003180    0000004f     rit128x96x4.obj (.const:.string:g_pucRIT128x96x4Init)
                  000031cf    00000001     --HOLE-- [fill = 0]
                  000031d0    00000040     driverlib-cm3.lib : sysctl.obj (.const)
                  00003210    0000001c     uartstdio.obj (.const)
                  0000322c    00000012     uartstdio.obj (.const:.string)
                  0000323e    00000002     --HOLE-- [fill = 0]
                  00003240    0000000c     rit128x96x4.obj (.const:.string)
                  0000324c    00000002     heap_2.obj (.const)

.cinit     0    00003250    00000048     
                  00003250    00000020     (.cinit..data.load) [load image, compression = rle]
                  00003270    0000000c     (__TI_handler_table)
                  0000327c    00000004     --HOLE-- [fill = 0]
                  00003280    00000008     (.cinit..bss.load) [load image, compression = zero_init]
                  00003288    00000010     (__TI_cinit_table)

.bss       0    20000000    00002188     UNINITIALIZED
                  20000000    00002000     heap_2.obj (.bss:xHeap)
                  20002000    00000100     startup_ccs.obj (.bss:pulStack)
                  20002100    00000044     tasks.obj (.bss)
                  20002144    00000028     tasks.obj (.bss:pxReadyTasksLists)
                  2000216c    00000010     heap_2.obj (.bss)
                  2000217c    0000000c     rit128x96x4.obj (.bss)

.stack     0    20002188    00000800     UNINITIALIZED
                  20002188    00000800     --HOLE--

.data      0    20002988    0000005c     
                  20002988    00000030     tasks.obj (.data)
                  200029b8    00000008     heap_2.obj (.data)
                  200029c0    00000008     port.obj (.data)
                  200029c8    00000008     rtsv7M3_T_le_eabi.lib : _lock.obj (.data)
                  200029d0    00000008                           : exit.obj (.data)
                  200029d8    00000005     uartstdio.obj (.data)
                  200029dd    00000003     --HOLE--
                  200029e0    00000004     rtsv7M3_T_le_eabi.lib : stkdepth_vars.obj (.data)


LINKER GENERATED COPY TABLES

__TI_cinit_table @ 00003288 records: 2, size/record: 8, table size: 16
	.data: load addr=00003250, load size=00000020 bytes, run addr=20002988, run size=0000005c bytes, compression=rle
	.bss: load addr=00003280, load size=00000008 bytes, run addr=20000000, run size=00002188 bytes, compression=zero_init


LINKER GENERATED HANDLER TABLE

__TI_handler_table @ 00003270 records: 3, size/record: 4, table size: 12
	index: 0, handler: __TI_decompress_rle24
	index: 1, handler: __TI_decompress_none
	index: 2, handler: __TI_zero_init


GLOBAL SYMBOLS: SORTED ALPHABETICALLY BY Name 

address    name
--------   ----
00002db5   AsmCompute
000019bf   BlinkLED
00002bd1   C$$EXIT
00001a07   Display
00002c75   GPIODirModeSet
00002519   GPIOPadConfigSet
00002e17   GPIOPinRead
00002d49   GPIOPinTypeGPIOInput
00002d5b   GPIOPinTypeGPIOOutput
00002d6d   GPIOPinTypeSSI
00002d7f   GPIOPinTypeUART
00002e1d   GPIOPinWrite
0000193d   PrintInit
000010b9   RIT128x96x4Clear
0000134b   RIT128x96x4Disable
0000148d   RIT128x96x4DisplayOff
00001459   RIT128x96x4DisplayOn
000012f1   RIT128x96x4Enable
00001255   RIT128x96x4ImageDraw
000013b9   RIT128x96x4Init
00001125   RIT128x96x4StringDraw
00002dd1   ResetISR
UNDEFED    SHT$$INIT_ARRAY$$Base
UNDEFED    SHT$$INIT_ARRAY$$Limit
00002e0f   SSIBusy
00002ac5   SSIConfigSetExpClk
00002d91   SSIDataGetNonBlocking
00002ddd   SSIDataPut
00002de7   SSIDisable
00002df1   SSIEnable
00001f15   SysCtlClockGet
000020ad   SysCtlClockSet
00002e23   SysCtlDelay
000029c9   SysCtlPeripheralDisable
00002a21   SysCtlPeripheralEnable
00002819   SysCtlPeripheralPresent
00002711   SysCtlPeripheralReset
00002325   Task_AsmCompute
00002dfb   UARTCharGet
00002e05   UARTCharPut
00002b4d   UARTConfigSetExpClk
00002ca5   UARTDisable
00002d0d   UARTEnable
000014c1   UARTStdioConfig
00001507   UARTStdioInit
0000151d   UARTStdioInitExpClk
00001631   UARTgetc
00001579   UARTgets
00001659   UARTprintf
00001533   UARTwrite
20002988   __STACK_END
00000800   __STACK_SIZE
20002288   __STACK_TOP
00003288   __TI_CINIT_Base
00003298   __TI_CINIT_Limit
00003270   __TI_Handler_Table_Base
0000327c   __TI_Handler_Table_Limit
00000001   __TI_args_main
0000267d   __TI_auto_init
00002dc3   __TI_decompress_none
00002e29   __TI_decompress_rle24
00000000   __TI_static_base__
00002da3   __TI_zero_init
00002cf5   __aeabi_lmul
00002891   __aeabi_memclr
00002891   __aeabi_memclr4
00002891   __aeabi_memclr8
000025e1   __aeabi_memcpy
000025e1   __aeabi_memcpy4
000025e1   __aeabi_memcpy8
00002893   __aeabi_memset
00002893   __aeabi_memset4
00002893   __aeabi_memset8
00002b8f   __aeabi_uidivmod
00001b6d   __aeabi_uldivmod
ffffffff   __binit__
ffffffff   __c_args__
20002188   __stack
00002cdd   _args_main
00002c11   _c_int00
200029d0   _cleanup_ptr
00003010   _ctypes_
200029d4   _dtors_ptr
200029c8   _lock
00002d2f   _nop
00000ca9   _printfi_nofloat
00002d27   _register_lock
00002d21   _register_unlock
200029cc   _unlock
00002bd5   abort
00002a79   atoi
ffffffff   binit
00002b09   copy_in
00002bdd   exit
00000000   g_pfnVectors
00001a49   main
200029e0   main_func_sp
00002cc1   memccpy
000025e1   memcpy
00002899   memset
00001d61   pvPortMalloc
20002988   pxCurrentTCB
00002431   pxPortInitialiseStack
00002909   sprintf
00002d35   strlen
00002c45   strncpy
000027d5   ulPortSetInterruptMask
000022db   uxListRemove
00000439   uxTaskGetNumberOfTasks
000021f1   vListInitialise
00002221   vListInitialiseItem
00002275   vListInsert
00002231   vListInsertEnd
000027e3   vPortClearInterruptMask
000024a1   vPortEndScheduler
000024ad   vPortEnterCritical
000024bd   vPortExitCritical
00001e89   vPortFree
00001ef3   vPortInitialiseBlocks
000027e9   vPortSVCHandler
000024ef   vPortSetupTimerInterrupt
00002807   vPortStartFirstTask
000024a3   vPortYieldFromISR
00000291   vTaskDelay
0000020b   vTaskDelayUntil
00000311   vTaskEndScheduler
00000451   vTaskIncrementTick
00000705   vTaskMissedYield
000005c5   vTaskPlaceOnEventList
00000675   vTaskSetTimeOutState
000002cb   vTaskStartScheduler
00000323   vTaskSuspendAll
0000054d   vTaskSwitchContext
00001eed   xPortGetFreeHeapSize
00002799   xPortPendSVHandler
00002479   xPortStartScheduler
200029c4   xPortSysTickCount
000024d5   xPortSysTickHandler
000006a1   xTaskCheckForTimeOut
000000f1   xTaskGenericCreate
0000040d   xTaskGetTickCount
00000421   xTaskGetTickCountFromISR
000005fd   xTaskRemoveFromEventList
0000033d   xTaskResumeAll


GLOBAL SYMBOLS: SORTED BY Symbol Address 

address    name
--------   ----
00000000   __TI_static_base__
00000000   g_pfnVectors
00000001   __TI_args_main
000000f1   xTaskGenericCreate
0000020b   vTaskDelayUntil
00000291   vTaskDelay
000002cb   vTaskStartScheduler
00000311   vTaskEndScheduler
00000323   vTaskSuspendAll
0000033d   xTaskResumeAll
0000040d   xTaskGetTickCount
00000421   xTaskGetTickCountFromISR
00000439   uxTaskGetNumberOfTasks
00000451   vTaskIncrementTick
0000054d   vTaskSwitchContext
000005c5   vTaskPlaceOnEventList
000005fd   xTaskRemoveFromEventList
00000675   vTaskSetTimeOutState
000006a1   xTaskCheckForTimeOut
00000705   vTaskMissedYield
00000800   __STACK_SIZE
00000ca9   _printfi_nofloat
000010b9   RIT128x96x4Clear
00001125   RIT128x96x4StringDraw
00001255   RIT128x96x4ImageDraw
000012f1   RIT128x96x4Enable
0000134b   RIT128x96x4Disable
000013b9   RIT128x96x4Init
00001459   RIT128x96x4DisplayOn
0000148d   RIT128x96x4DisplayOff
000014c1   UARTStdioConfig
00001507   UARTStdioInit
0000151d   UARTStdioInitExpClk
00001533   UARTwrite
00001579   UARTgets
00001631   UARTgetc
00001659   UARTprintf
0000193d   PrintInit
000019bf   BlinkLED
00001a07   Display
00001a49   main
00001b6d   __aeabi_uldivmod
00001d61   pvPortMalloc
00001e89   vPortFree
00001eed   xPortGetFreeHeapSize
00001ef3   vPortInitialiseBlocks
00001f15   SysCtlClockGet
000020ad   SysCtlClockSet
000021f1   vListInitialise
00002221   vListInitialiseItem
00002231   vListInsertEnd
00002275   vListInsert
000022db   uxListRemove
00002325   Task_AsmCompute
00002431   pxPortInitialiseStack
00002479   xPortStartScheduler
000024a1   vPortEndScheduler
000024a3   vPortYieldFromISR
000024ad   vPortEnterCritical
000024bd   vPortExitCritical
000024d5   xPortSysTickHandler
000024ef   vPortSetupTimerInterrupt
00002519   GPIOPadConfigSet
000025e1   __aeabi_memcpy
000025e1   __aeabi_memcpy4
000025e1   __aeabi_memcpy8
000025e1   memcpy
0000267d   __TI_auto_init
00002711   SysCtlPeripheralReset
00002799   xPortPendSVHandler
000027d5   ulPortSetInterruptMask
000027e3   vPortClearInterruptMask
000027e9   vPortSVCHandler
00002807   vPortStartFirstTask
00002819   SysCtlPeripheralPresent
00002891   __aeabi_memclr
00002891   __aeabi_memclr4
00002891   __aeabi_memclr8
00002893   __aeabi_memset
00002893   __aeabi_memset4
00002893   __aeabi_memset8
00002899   memset
00002909   sprintf
000029c9   SysCtlPeripheralDisable
00002a21   SysCtlPeripheralEnable
00002a79   atoi
00002ac5   SSIConfigSetExpClk
00002b09   copy_in
00002b4d   UARTConfigSetExpClk
00002b8f   __aeabi_uidivmod
00002bd1   C$$EXIT
00002bd5   abort
00002bdd   exit
00002c11   _c_int00
00002c45   strncpy
00002c75   GPIODirModeSet
00002ca5   UARTDisable
00002cc1   memccpy
00002cdd   _args_main
00002cf5   __aeabi_lmul
00002d0d   UARTEnable
00002d21   _register_unlock
00002d27   _register_lock
00002d2f   _nop
00002d35   strlen
00002d49   GPIOPinTypeGPIOInput
00002d5b   GPIOPinTypeGPIOOutput
00002d6d   GPIOPinTypeSSI
00002d7f   GPIOPinTypeUART
00002d91   SSIDataGetNonBlocking
00002da3   __TI_zero_init
00002db5   AsmCompute
00002dc3   __TI_decompress_none
00002dd1   ResetISR
00002ddd   SSIDataPut
00002de7   SSIDisable
00002df1   SSIEnable
00002dfb   UARTCharGet
00002e05   UARTCharPut
00002e0f   SSIBusy
00002e17   GPIOPinRead
00002e1d   GPIOPinWrite
00002e23   SysCtlDelay
00002e29   __TI_decompress_rle24
00003010   _ctypes_
00003270   __TI_Handler_Table_Base
0000327c   __TI_Handler_Table_Limit
00003288   __TI_CINIT_Base
00003298   __TI_CINIT_Limit
20002188   __stack
20002288   __STACK_TOP
20002988   __STACK_END
20002988   pxCurrentTCB
200029c4   xPortSysTickCount
200029c8   _lock
200029cc   _unlock
200029d0   _cleanup_ptr
200029d4   _dtors_ptr
200029e0   main_func_sp
ffffffff   __binit__
ffffffff   __c_args__
ffffffff   binit
UNDEFED    SHT$$INIT_ARRAY$$Base
UNDEFED    SHT$$INIT_ARRAY$$Limit

[144 symbols]
