******************************************************************************
                  TI ARM Linker PC v5.0.4                      
******************************************************************************
>> Linked Mon Mar 03 12:11:03 2014

OUTPUT FILE NAME:   <Task_Blinky.out>
ENTRY POINT SYMBOL: "_c_int00"  address: 00001e91


MEMORY CONFIGURATION

         name            origin    length      used     unused   attr    fill
----------------------  --------  ---------  --------  --------  ----  --------
  FLASH                 00000000   00040000  000025f2  0003da0e  R  X
  SRAM                  20000000   00010000  00000a1c  0000f5e4  RW X


SEGMENT ALLOCATION MAP

run origin  load origin   length   init length attrs members
----------  ----------- ---------- ----------- ----- -------
00000000    00000000    000025f8   000025f8    r-x
  00000000    00000000    000000f0   000000f0    r-- .intvecs
  000000f0    000000f0    0000206e   0000206e    r-x .text
  00002160    00002160    0000041c   0000041c    r-- .const
  00002580    00002580    00000078   00000078    r-- .cinit
20000000    20000000    000009a4   00000000    rw-
  20000000    20000000    00000800   00000000    rw- .stack
  20000800    20000800    000001a4   00000000    rw- .bss
200009a4    200009a4    00000078   00000078    rw-
  200009a4    200009a4    00000078   00000078    rw- .data


SECTION ALLOCATION MAP

 output                                  attributes/
section   page    origin      length       input sections
--------  ----  ----------  ----------   ----------------
.intvecs   0    00000000    000000f0     
                  00000000    000000f0     new_startup_ccs.obj (.intvecs)

.init_array 
*          0    00000000    00000000     UNINITIALIZED

.text      0    000000f0    0000206e     
                  000000f0    0000071a     rtsv7M3_T_le_eabi.lib : _printfi_nf.obj (.text)
                  0000080a    00000002     new_startup_ccs.obj (.text:FaultISR)
                  0000080c    0000020a     uartstdio.obj (.text:UARTprintf)
                  00000a16    000001f4     rtsv7M3_T_le_eabi.lib : ull_div_t2.obj (.text)
                  00000c0a    00000002     new_startup_ccs.obj (.text:IntDefaultHandler)
                  00000c0c    00000198     driverlib-cm3.lib : sysctl.obj (.text:SysCtlClockGet)
                  00000da4    00000144                       : sysctl.obj (.text:SysCtlClockSet)
                  00000ee8    000000d4     rit128x96x4.obj (.text:RIT128x96x4StringDraw)
                  00000fbc    000000c8     driverlib-cm3.lib : gpio.obj (.text:GPIOPadConfigSet)
                  00001084    000000a4     rit128x96x4.obj (.text:RIT128x96x4Init)
                  00001128    0000009c     rtsv7M3_T_le_eabi.lib : memcpy_t2.obj (.text)
                  000011c4    00000094                           : auto_init.obj (.text)
                  00001258    00000090     ADCCap.obj (.text:ADCCapExecute)
                  000012e8    00000084     uartstdio.obj (.text:UARTgets)
                  0000136c    00000078     driverlib-cm3.lib : sysctl.obj (.text:SysCtlPeripheralPresent)
                  000013e4    00000078     rtsv7M3_T_le_eabi.lib : memset_t2.obj (.text)
                  0000145c    00000074     ADCCap.obj (.text:CDischargeExecute)
                  000014d0    00000070     ADCCap.obj (.text:main)
                  00001540    0000006c     driverlib-cm3.lib : adc.obj (.text:ADCSequenceStepConfigure)
                  000015ac    00000068     ADCCap.obj (.text:UARTInit)
                  00001614    00000060     ADCCap.obj (.text:ButtonsExecute)
                  00001674    00000060     rit128x96x4.obj (.text:RIT128x96x4Enable)
                  000016d4    00000060     rit128x96x4.obj (.text:RITWriteCommand)
                  00001734    00000060     rit128x96x4.obj (.text:RITWriteData)
                  00001794    00000060     rtsv7M3_T_le_eabi.lib : sprintf.obj (.text)
                  000017f4    0000005e                           : copy_decompress_rle.obj (.text)
                  00001852    00000002     new_startup_ccs.obj (.text:NmiSR)
                  00001854    00000058     ADCCap.obj (.text:ADCCapInit)
                  000018ac    00000058     ADCCap.obj (.text:ADCPotExecute)
                  00001904    00000058     ADCCap.obj (.text:ADCPotInit)
                  0000195c    00000058     driverlib-cm3.lib : sysctl.obj (.text:SysCtlPeripheralEnable)
                  000019b4    00000054     ADCCap.obj (.text:ADCDisplayExecute)
                  00001a08    00000054     ADCCap.obj (.text:UARTExecute)
                  00001a5c    00000050     ADCCap.obj (.text:CDischargeInit)
                  00001aac    0000004c     ADCCap.obj (.text:TickDisplayExecute)
                  00001af8    0000004c     rtsv7M3_T_le_eabi.lib : atoi.obj (.text)
                  00001b44    00000048     rit128x96x4.obj (.text:RIT128x96x4Clear)
                  00001b8c    00000044     ADCCap.obj (.text:BlinkExecute)
                  00001bd0    00000044     ADCCap.obj (.text:BlinkInit)
                  00001c14    00000044     ADCCap.obj (.text:ButtonsInit)
                  00001c58    00000044     driverlib-cm3.lib : ssi.obj (.text:SSIConfigSetExpClk)
                  00001c9c    00000044     uartstdio.obj (.text:UARTStdioInitExpClk)
                  00001ce0    00000044     rtsv7M3_T_le_eabi.lib : cpy_tbl.obj (.text)
                  00001d24    00000042     driverlib-cm3.lib : uart.obj (.text:UARTConfigSetExpClk)
                  00001d66    00000042     rtsv7M3_T_le_eabi.lib : u_divt2.obj (.text)
                  00001da8    00000040                           : exit.obj (.text)
                  00001de8    0000003c     ADCCap.obj (.text:DisplayInit)
                  00001e24    00000038     uartstdio.obj (.text:UARTwrite)
                  00001e5c    00000034     ADCCap.obj (.text:PowerInit)
                  00001e90    00000034     rtsv7M3_T_le_eabi.lib : boot.obj (.text)
                  00001ec4    0000002e     driverlib-cm3.lib : adc.obj (.text:ADCIntStatus)
                  00001ef2    0000002e                       : gpio.obj (.text:GPIODirModeSet)
                  00001f20    0000002a                       : adc.obj (.text:ADCSequenceConfigure)
                  00001f4a    00000020                       : adc.obj (.text:ADCSequenceDataGet)
                  00001f6a    00000002     --HOLE-- [fill = 0]
                  00001f6c    0000001c                       : uart.obj (.text:UARTDisable)
                  00001f88    0000001a     rtsv7M3_T_le_eabi.lib : memccpy.obj (.text)
                  00001fa2    00000002     --HOLE-- [fill = 0]
                  00001fa4    00000018                           : args_main.obj (.text)
                  00001fbc    00000018                           : ll_mul_t2.obj (.text)
                  00001fd4    00000016     driverlib-cm3.lib : adc.obj (.text:ADCProcessorTrigger)
                  00001fea    00000002     --HOLE-- [fill = 0]
                  00001fec    00000014                       : systick.obj (.text:SysTickEnable)
                  00002000    00000014                       : systick.obj (.text:SysTickIntEnable)
                  00002014    00000014                       : uart.obj (.text:UARTEnable)
                  00002028    00000014     rtsv7M3_T_le_eabi.lib : _lock.obj (.text)
                  0000203c    00000014                           : strlen.obj (.text)
                  00002050    00000012     driverlib-cm3.lib : gpio.obj (.text:GPIOPinTypeGPIOInput)
                  00002062    00000012                       : gpio.obj (.text:GPIOPinTypeGPIOOutput)
                  00002074    00000012                       : gpio.obj (.text:GPIOPinTypeSSI)
                  00002086    00000012                       : gpio.obj (.text:GPIOPinTypeUART)
                  00002098    00000012     rtsv7M3_T_le_eabi.lib : copy_zero_init.obj (.text:decompress:ZI)
                  000020aa    00000002     --HOLE-- [fill = 0]
                  000020ac    00000010     ADCCap.obj (.text:SysTickIntHandler)
                  000020bc    00000010     driverlib-cm3.lib : systick.obj (.text:SysTickPeriodSet)
                  000020cc    0000000e                       : adc.obj (.text:ADCSequenceEnable)
                  000020da    0000000e     rtsv7M3_T_le_eabi.lib : copy_decompress_none.obj (.text:decompress:none)
                  000020e8    0000000c     rit128x96x4.obj (.text:RIT128x96x4DisplayOff)
                  000020f4    0000000a     driverlib-cm3.lib : adc.obj (.text:ADCIntClear)
                  000020fe    0000000a                       : ssi.obj (.text:SSIDataPut)
                  00002108    0000000a                       : ssi.obj (.text:SSIDisable)
                  00002112    0000000a                       : ssi.obj (.text:SSIEnable)
                  0000211c    0000000a                       : uart.obj (.text:UARTCharGet)
                  00002126    0000000a                       : uart.obj (.text:UARTCharPut)
                  00002130    00000008                       : ssi.obj (.text:SSIBusy)
                  00002138    00000008     uartstdio.obj (.text:UARTStdioInit)
                  00002140    00000006     driverlib-cm3.lib : gpio.obj (.text:GPIOPinRead)
                  00002146    00000006                       : gpio.obj (.text:GPIOPinWrite)
                  0000214c    00000006     new_startup_ccs.obj (.text:ResetISR)
                  00002152    00000006     driverlib-cm3.lib : sysctl.obj (.text:SysCtlDelay)
                  00002158    00000006     rtsv7M3_T_le_eabi.lib : copy_decompress_rle.obj (.text:decompress:rle24)

.const     0    00002160    0000041c     
                  00002160    000001e0     rit128x96x4.obj (.const:g_pucFont)
                  00002340    00000101     rtsv7M3_T_le_eabi.lib : ctype.obj (.const:.string:_ctypes_)
                  00002441    00000003     --HOLE-- [fill = 0]
                  00002444    0000006c     driverlib-cm3.lib : sysctl.obj (.const:g_pulXtals)
                  000024b0    0000004f     rit128x96x4.obj (.const:.string:g_pucRIT128x96x4Init)
                  000024ff    00000001     --HOLE-- [fill = 0]
                  00002500    00000040     driverlib-cm3.lib : sysctl.obj (.const)
                  00002540    0000001c     uartstdio.obj (.const)
                  0000255c    00000012     uartstdio.obj (.const:.string)
                  0000256e    00000002     --HOLE-- [fill = 0]
                  00002570    0000000c     rit128x96x4.obj (.const:.string)

.cinit     0    00002580    00000078     
                  00002580    00000050     (.cinit..data.load) [load image, compression = rle]
                  000025d0    0000000c     (__TI_handler_table)
                  000025dc    00000004     --HOLE-- [fill = 0]
                  000025e0    00000008     (.cinit..bss.load) [load image, compression = zero_init]
                  000025e8    00000010     (__TI_cinit_table)

.stack     0    20000000    00000800     UNINITIALIZED
                  20000000    00000800     --HOLE--

.bss       0    20000800    000001a4     UNINITIALIZED
                  20000800    00000190     ADCCap.obj (.bss:ADCCapValues)
                  20000990    0000000c     rit128x96x4.obj (.bss)
                  2000099c    00000008     ADCCap.obj (.bss)

.data      0    200009a4    00000078     
                  200009a4    0000005c     ADCCap.obj (.data)
                  20000a00    00000008     rtsv7M3_T_le_eabi.lib : _lock.obj (.data)
                  20000a08    00000008                           : exit.obj (.data)
                  20000a10    00000005     uartstdio.obj (.data)
                  20000a15    00000003     --HOLE--
                  20000a18    00000004     rtsv7M3_T_le_eabi.lib : stkdepth_vars.obj (.data)


LINKER GENERATED COPY TABLES

__TI_cinit_table @ 000025e8 records: 2, size/record: 8, table size: 16
	.data: load addr=00002580, load size=00000050 bytes, run addr=200009a4, run size=00000078 bytes, compression=rle
	.bss: load addr=000025e0, load size=00000008 bytes, run addr=20000800, run size=000001a4 bytes, compression=zero_init


LINKER GENERATED HANDLER TABLE

__TI_handler_table @ 000025d0 records: 3, size/record: 4, table size: 12
	index: 0, handler: __TI_decompress_rle24
	index: 1, handler: __TI_decompress_none
	index: 2, handler: __TI_zero_init


GLOBAL SYMBOLS: SORTED ALPHABETICALLY BY Name 

address    name
--------   ----
00001259   ADCCapExecute
00001855   ADCCapInit
000019b5   ADCDisplayExecute
000020f5   ADCIntClear
00001ec5   ADCIntStatus
000018ad   ADCPotExecute
00001905   ADCPotInit
00001fd5   ADCProcessorTrigger
00001f21   ADCSequenceConfigure
00001f4b   ADCSequenceDataGet
000020cd   ADCSequenceEnable
00001541   ADCSequenceStepConfigure
00001b8d   BlinkExecute
00001bd1   BlinkInit
00001615   ButtonsExecute
00001c15   ButtonsInit
00001da9   C$$EXIT
0000145d   CDischargeExecute
00001a5d   CDischargeInit
00001de9   DisplayInit
00001ef3   GPIODirModeSet
00000fbd   GPIOPadConfigSet
00002141   GPIOPinRead
00002051   GPIOPinTypeGPIOInput
00002063   GPIOPinTypeGPIOOutput
00002075   GPIOPinTypeSSI
00002087   GPIOPinTypeUART
00002147   GPIOPinWrite
00001e5d   PowerInit
00001b45   RIT128x96x4Clear
000020e9   RIT128x96x4DisplayOff
00001675   RIT128x96x4Enable
00001085   RIT128x96x4Init
00000ee9   RIT128x96x4StringDraw
0000214d   ResetISR
UNDEFED    SHT$$INIT_ARRAY$$Base
UNDEFED    SHT$$INIT_ARRAY$$Limit
00002131   SSIBusy
00001c59   SSIConfigSetExpClk
000020ff   SSIDataPut
00002109   SSIDisable
00002113   SSIEnable
00000c0d   SysCtlClockGet
00000da5   SysCtlClockSet
00002153   SysCtlDelay
0000195d   SysCtlPeripheralEnable
0000136d   SysCtlPeripheralPresent
00001fed   SysTickEnable
00002001   SysTickIntEnable
000020ad   SysTickIntHandler
000020bd   SysTickPeriodSet
00001aad   TickDisplayExecute
0000211d   UARTCharGet
00002127   UARTCharPut
00001d25   UARTConfigSetExpClk
00001f6d   UARTDisable
00002015   UARTEnable
00001a09   UARTExecute
000015ad   UARTInit
00002139   UARTStdioInit
00001c9d   UARTStdioInitExpClk
000012e9   UARTgets
0000080d   UARTprintf
00001e25   UARTwrite
20000800   __STACK_END
00000800   __STACK_SIZE
20000100   __STACK_TOP
000025e8   __TI_CINIT_Base
000025f8   __TI_CINIT_Limit
000025d0   __TI_Handler_Table_Base
000025dc   __TI_Handler_Table_Limit
00000001   __TI_args_main
000011c5   __TI_auto_init
000020db   __TI_decompress_none
00002159   __TI_decompress_rle24
00000000   __TI_static_base__
00002099   __TI_zero_init
00001fbd   __aeabi_lmul
000013e5   __aeabi_memclr
000013e5   __aeabi_memclr4
000013e5   __aeabi_memclr8
00001129   __aeabi_memcpy
00001129   __aeabi_memcpy4
00001129   __aeabi_memcpy8
000013e7   __aeabi_memset
000013e7   __aeabi_memset4
000013e7   __aeabi_memset8
00001d67   __aeabi_uidivmod
00000a17   __aeabi_uldivmod
ffffffff   __binit__
ffffffff   __c_args__
20000000   __stack
00001fa5   _args_main
00001e91   _c_int00
20000a08   _cleanup_ptr
00002340   _ctypes_
20000a0c   _dtors_ptr
20000a00   _lock
00002037   _nop
00000505   _printfi_nofloat
0000202f   _register_lock
00002029   _register_unlock
20000a04   _unlock
00001dad   abort
00001af9   atoi
ffffffff   binit
00001ce1   copy_in
00001db5   exit
00000000   g_pfnVectors
000014d1   main
20000a18   main_func_sp
00001f89   memccpy
00001129   memcpy
000013ed   memset
00001795   sprintf
0000203d   strlen
2000099c   systemClock


GLOBAL SYMBOLS: SORTED BY Symbol Address 

address    name
--------   ----
00000000   __TI_static_base__
00000000   g_pfnVectors
00000001   __TI_args_main
00000505   _printfi_nofloat
00000800   __STACK_SIZE
0000080d   UARTprintf
00000a17   __aeabi_uldivmod
00000c0d   SysCtlClockGet
00000da5   SysCtlClockSet
00000ee9   RIT128x96x4StringDraw
00000fbd   GPIOPadConfigSet
00001085   RIT128x96x4Init
00001129   __aeabi_memcpy
00001129   __aeabi_memcpy4
00001129   __aeabi_memcpy8
00001129   memcpy
000011c5   __TI_auto_init
00001259   ADCCapExecute
000012e9   UARTgets
0000136d   SysCtlPeripheralPresent
000013e5   __aeabi_memclr
000013e5   __aeabi_memclr4
000013e5   __aeabi_memclr8
000013e7   __aeabi_memset
000013e7   __aeabi_memset4
000013e7   __aeabi_memset8
000013ed   memset
0000145d   CDischargeExecute
000014d1   main
00001541   ADCSequenceStepConfigure
000015ad   UARTInit
00001615   ButtonsExecute
00001675   RIT128x96x4Enable
00001795   sprintf
00001855   ADCCapInit
000018ad   ADCPotExecute
00001905   ADCPotInit
0000195d   SysCtlPeripheralEnable
000019b5   ADCDisplayExecute
00001a09   UARTExecute
00001a5d   CDischargeInit
00001aad   TickDisplayExecute
00001af9   atoi
00001b45   RIT128x96x4Clear
00001b8d   BlinkExecute
00001bd1   BlinkInit
00001c15   ButtonsInit
00001c59   SSIConfigSetExpClk
00001c9d   UARTStdioInitExpClk
00001ce1   copy_in
00001d25   UARTConfigSetExpClk
00001d67   __aeabi_uidivmod
00001da9   C$$EXIT
00001dad   abort
00001db5   exit
00001de9   DisplayInit
00001e25   UARTwrite
00001e5d   PowerInit
00001e91   _c_int00
00001ec5   ADCIntStatus
00001ef3   GPIODirModeSet
00001f21   ADCSequenceConfigure
00001f4b   ADCSequenceDataGet
00001f6d   UARTDisable
00001f89   memccpy
00001fa5   _args_main
00001fbd   __aeabi_lmul
00001fd5   ADCProcessorTrigger
00001fed   SysTickEnable
00002001   SysTickIntEnable
00002015   UARTEnable
00002029   _register_unlock
0000202f   _register_lock
00002037   _nop
0000203d   strlen
00002051   GPIOPinTypeGPIOInput
00002063   GPIOPinTypeGPIOOutput
00002075   GPIOPinTypeSSI
00002087   GPIOPinTypeUART
00002099   __TI_zero_init
000020ad   SysTickIntHandler
000020bd   SysTickPeriodSet
000020cd   ADCSequenceEnable
000020db   __TI_decompress_none
000020e9   RIT128x96x4DisplayOff
000020f5   ADCIntClear
000020ff   SSIDataPut
00002109   SSIDisable
00002113   SSIEnable
0000211d   UARTCharGet
00002127   UARTCharPut
00002131   SSIBusy
00002139   UARTStdioInit
00002141   GPIOPinRead
00002147   GPIOPinWrite
0000214d   ResetISR
00002153   SysCtlDelay
00002159   __TI_decompress_rle24
00002340   _ctypes_
000025d0   __TI_Handler_Table_Base
000025dc   __TI_Handler_Table_Limit
000025e8   __TI_CINIT_Base
000025f8   __TI_CINIT_Limit
20000000   __stack
20000100   __STACK_TOP
20000800   __STACK_END
2000099c   systemClock
20000a00   _lock
20000a04   _unlock
20000a08   _cleanup_ptr
20000a0c   _dtors_ptr
20000a18   main_func_sp
ffffffff   __binit__
ffffffff   __c_args__
ffffffff   binit
UNDEFED    SHT$$INIT_ARRAY$$Base
UNDEFED    SHT$$INIT_ARRAY$$Limit

[117 symbols]
