******************************************************************************
                  TI ARM Linker PC v5.0.4                      
******************************************************************************
>> Linked Mon Apr 07 10:59:29 2014

OUTPUT FILE NAME:   <FreeRTOS_LM3S1968.out>
ENTRY POINT SYMBOL: "_c_int00"  address: 000029d9


MEMORY CONFIGURATION

         name            origin    length      used     unused   attr    fill
----------------------  --------  ---------  --------  --------  ----  --------
  FLASH                 00000000   00040000  0000303c  0003cfc4  R  X
  SRAM                  20000000   00010000  000029e8  0000d618  RW X


SEGMENT ALLOCATION MAP

run origin  load origin   length   init length attrs members
----------  ----------- ---------- ----------- ----- -------
00000000    00000000    00003040   00003040    r-x
  00000000    00000000    000000f0   000000f0    r-- .intvecs
  000000f0    000000f0    00002ae6   00002ae6    r-x .text
  00002bd8    00002bd8    0000041e   0000041e    r-- .const
  00002ff8    00002ff8    00000048   00000048    r-- .cinit
20000000    20000000    0000298c   00000000    rw-
  20000000    20000000    0000218c   00000000    rw- .bss
  2000218c    2000218c    00000800   00000000    rw- .stack
2000298c    2000298c    0000005c   0000005c    rw-
  2000298c    2000298c    0000005c   0000005c    rw- .data


SECTION ALLOCATION MAP

 output                                  attributes/
section   page    origin      length       input sections
--------  ----  ----------  ----------   ----------------
.intvecs   0    00000000    000000f0     
                  00000000    000000f0     startup_ccs.obj (.intvecs)

.text      0    000000f0    00002ae6     
                  000000f0    000007a4     tasks.obj (.text)
                  00000894    0000071a     rtsv7M3_T_le_eabi.lib : _printfi_nf.obj (.text)
                  00000fae    00000002     --HOLE-- [fill = 0]
                  00000fb0    00000510     rit128x96x4.obj (.text)
                  000014c0    0000047c     uartstdio.obj (.text)
                  0000193c    000001f4     rtsv7M3_T_le_eabi.lib : ull_div_t2.obj (.text)
                  00001b30    000001e4     main.obj (.text)
                  00001d14    000001b4     heap_2.obj (.text)
                  00001ec8    00000198     driverlib-cm3.lib : sysctl.obj (.text:SysCtlClockGet)
                  00002060    00000144                       : sysctl.obj (.text:SysCtlClockSet)
                  000021a4    00000132     list.obj (.text)
                  000022d6    00000002     --HOLE-- [fill = 0]
                  000022d8    000000e8     port.obj (.text)
                  000023c0    000000c8     driverlib-cm3.lib : gpio.obj (.text:GPIOPadConfigSet)
                  00002488    0000009c     rtsv7M3_T_le_eabi.lib : memcpy_t2.obj (.text)
                  00002524    00000094                           : auto_init.obj (.text)
                  000025b8    00000080     portasm.obj (.text)
                  00002638    00000078     driverlib-cm3.lib : sysctl.obj (.text:SysCtlPeripheralPresent)
                  000026b0    00000078     rtsv7M3_T_le_eabi.lib : memset_t2.obj (.text)
                  00002728    00000060                           : sprintf.obj (.text)
                  00002788    0000005e                           : copy_decompress_rle.obj (.text)
                  000027e6    00000002     --HOLE-- [fill = 0]
                  000027e8    00000058     driverlib-cm3.lib : sysctl.obj (.text:SysCtlPeripheralEnable)
                  00002840    0000004c     rtsv7M3_T_le_eabi.lib : atoi.obj (.text)
                  0000288c    00000044     driverlib-cm3.lib : ssi.obj (.text:SSIConfigSetExpClk)
                  000028d0    00000044     rtsv7M3_T_le_eabi.lib : cpy_tbl.obj (.text)
                  00002914    00000042     driverlib-cm3.lib : uart.obj (.text:UARTConfigSetExpClk)
                  00002956    00000042     rtsv7M3_T_le_eabi.lib : u_divt2.obj (.text)
                  00002998    00000040                           : exit.obj (.text)
                  000029d8    00000034                           : boot.obj (.text)
                  00002a0c    00000030                           : strncpy.obj (.text)
                  00002a3c    0000002e     driverlib-cm3.lib : gpio.obj (.text:GPIODirModeSet)
                  00002a6a    00000002     --HOLE-- [fill = 0]
                  00002a6c    0000001c                       : uart.obj (.text:UARTDisable)
                  00002a88    0000001a     rtsv7M3_T_le_eabi.lib : memccpy.obj (.text)
                  00002aa2    00000002     --HOLE-- [fill = 0]
                  00002aa4    00000018                           : args_main.obj (.text)
                  00002abc    00000018                           : ll_mul_t2.obj (.text)
                  00002ad4    00000014     driverlib-cm3.lib : uart.obj (.text:UARTEnable)
                  00002ae8    00000014     rtsv7M3_T_le_eabi.lib : _lock.obj (.text)
                  00002afc    00000014                           : strlen.obj (.text)
                  00002b10    00000012     driverlib-cm3.lib : gpio.obj (.text:GPIOPinTypeGPIOOutput)
                  00002b22    00000012                       : gpio.obj (.text:GPIOPinTypeSSI)
                  00002b34    00000012                       : gpio.obj (.text:GPIOPinTypeUART)
                  00002b46    00000012                       : ssi.obj (.text:SSIDataGetNonBlocking)
                  00002b58    00000012     rtsv7M3_T_le_eabi.lib : copy_zero_init.obj (.text:decompress:ZI)
                  00002b6a    0000000e                           : copy_decompress_none.obj (.text:decompress:none)
                  00002b78    0000000c     startup_ccs.obj (.text)
                  00002b84    0000000a     driverlib-cm3.lib : ssi.obj (.text:SSIDataPut)
                  00002b8e    0000000a                       : ssi.obj (.text:SSIDisable)
                  00002b98    0000000a                       : ssi.obj (.text:SSIEnable)
                  00002ba2    0000000a                       : uart.obj (.text:UARTCharGet)
                  00002bac    0000000a                       : uart.obj (.text:UARTCharPut)
                  00002bb6    00000008                       : ssi.obj (.text:SSIBusy)
                  00002bbe    00000006                       : gpio.obj (.text:GPIOPinRead)
                  00002bc4    00000006                       : gpio.obj (.text:GPIOPinWrite)
                  00002bca    00000006                       : sysctl.obj (.text:SysCtlDelay)
                  00002bd0    00000006     rtsv7M3_T_le_eabi.lib : copy_decompress_rle.obj (.text:decompress:rle24)

.const     0    00002bd8    0000041e     
                  00002bd8    000001e0     rit128x96x4.obj (.const:g_pucFont)
                  00002db8    00000101     rtsv7M3_T_le_eabi.lib : ctype.obj (.const:.string:_ctypes_)
                  00002eb9    00000003     --HOLE-- [fill = 0]
                  00002ebc    0000006c     driverlib-cm3.lib : sysctl.obj (.const:g_pulXtals)
                  00002f28    0000004f     rit128x96x4.obj (.const:.string:g_pucRIT128x96x4Init)
                  00002f77    00000001     --HOLE-- [fill = 0]
                  00002f78    00000040     driverlib-cm3.lib : sysctl.obj (.const)
                  00002fb8    0000001c     uartstdio.obj (.const)
                  00002fd4    00000012     uartstdio.obj (.const:.string)
                  00002fe6    00000002     --HOLE-- [fill = 0]
                  00002fe8    0000000c     rit128x96x4.obj (.const:.string)
                  00002ff4    00000002     heap_2.obj (.const)

.cinit     0    00002ff8    00000048     
                  00002ff8    00000020     (.cinit..data.load) [load image, compression = rle]
                  00003018    0000000c     (__TI_handler_table)
                  00003024    00000004     --HOLE-- [fill = 0]
                  00003028    00000008     (.cinit..bss.load) [load image, compression = zero_init]
                  00003030    00000010     (__TI_cinit_table)

.bss       0    20000000    0000218c     UNINITIALIZED
                  20000000    00002000     heap_2.obj (.bss:xHeap)
                  20002000    00000100     startup_ccs.obj (.bss:pulStack)
                  20002100    00000044     tasks.obj (.bss)
                  20002144    00000028     tasks.obj (.bss:pxReadyTasksLists)
                  2000216c    00000010     heap_2.obj (.bss)
                  2000217c    0000000c     rit128x96x4.obj (.bss)
                  20002188    00000004     main.obj (.bss)

.stack     0    2000218c    00000800     UNINITIALIZED
                  2000218c    00000800     --HOLE--

.data      0    2000298c    0000005c     
                  2000298c    00000030     tasks.obj (.data)
                  200029bc    00000008     heap_2.obj (.data)
                  200029c4    00000008     port.obj (.data)
                  200029cc    00000008     rtsv7M3_T_le_eabi.lib : _lock.obj (.data)
                  200029d4    00000008                           : exit.obj (.data)
                  200029dc    00000005     uartstdio.obj (.data)
                  200029e1    00000003     --HOLE--
                  200029e4    00000004     rtsv7M3_T_le_eabi.lib : stkdepth_vars.obj (.data)


LINKER GENERATED COPY TABLES

__TI_cinit_table @ 00003030 records: 2, size/record: 8, table size: 16
	.data: load addr=00002ff8, load size=00000020 bytes, run addr=2000298c, run size=0000005c bytes, compression=rle
	.bss: load addr=00003028, load size=00000008 bytes, run addr=20000000, run size=0000218c bytes, compression=zero_init


LINKER GENERATED HANDLER TABLE

__TI_handler_table @ 00003018 records: 3, size/record: 4, table size: 12
	index: 0, handler: __TI_decompress_rle24
	index: 1, handler: __TI_decompress_none
	index: 2, handler: __TI_zero_init


GLOBAL SYMBOLS: SORTED ALPHABETICALLY BY Name 

address    name
--------   ----
00002999   C$$EXIT
00002a3d   GPIODirModeSet
000023c1   GPIOPadConfigSet
00002bbf   GPIOPinRead
00002b11   GPIOPinTypeGPIOOutput
00002b23   GPIOPinTypeSSI
00002b35   GPIOPinTypeUART
00002bc5   GPIOPinWrite
000010b9   RIT128x96x4Clear
0000134b   RIT128x96x4Disable
0000148d   RIT128x96x4DisplayOff
00001459   RIT128x96x4DisplayOn
000012f1   RIT128x96x4Enable
00001255   RIT128x96x4ImageDraw
000013b9   RIT128x96x4Init
00001125   RIT128x96x4StringDraw
00002b79   ResetISR
UNDEFED    SHT$$INIT_ARRAY$$Base
UNDEFED    SHT$$INIT_ARRAY$$Limit
00002bb7   SSIBusy
0000288d   SSIConfigSetExpClk
00002b47   SSIDataGetNonBlocking
00002b85   SSIDataPut
00002b8f   SSIDisable
00002b99   SSIEnable
00001ec9   SysCtlClockGet
00002061   SysCtlClockSet
00002bcb   SysCtlDelay
000027e9   SysCtlPeripheralEnable
00002639   SysCtlPeripheralPresent
00001b31   Task_BlinkLED
00001bdf   Task_Display
00001c29   Task_PrintData_Init
00001b79   Task_SpeakerBuzz
00002ba3   UARTCharGet
00002bad   UARTCharPut
00002915   UARTConfigSetExpClk
00002a6d   UARTDisable
00002ad5   UARTEnable
000014c1   UARTStdioConfig
00001507   UARTStdioInit
0000151d   UARTStdioInitExpClk
00001631   UARTgetc
00001579   UARTgets
00001659   UARTprintf
00001533   UARTwrite
2000298c   __STACK_END
00000800   __STACK_SIZE
2000228c   __STACK_TOP
00003030   __TI_CINIT_Base
00003040   __TI_CINIT_Limit
00003018   __TI_Handler_Table_Base
00003024   __TI_Handler_Table_Limit
00000001   __TI_args_main
00002525   __TI_auto_init
00002b6b   __TI_decompress_none
00002bd1   __TI_decompress_rle24
00000000   __TI_static_base__
00002b59   __TI_zero_init
00002abd   __aeabi_lmul
000026b1   __aeabi_memclr
000026b1   __aeabi_memclr4
000026b1   __aeabi_memclr8
00002489   __aeabi_memcpy
00002489   __aeabi_memcpy4
00002489   __aeabi_memcpy8
000026b3   __aeabi_memset
000026b3   __aeabi_memset4
000026b3   __aeabi_memset8
00002957   __aeabi_uidivmod
0000193d   __aeabi_uldivmod
ffffffff   __binit__
ffffffff   __c_args__
2000218c   __stack
00002aa5   _args_main
000029d9   _c_int00
200029d4   _cleanup_ptr
00002db8   _ctypes_
200029d8   _dtors_ptr
200029cc   _lock
00002af7   _nop
00000ca9   _printfi_nofloat
00002aef   _register_lock
00002ae9   _register_unlock
200029d0   _unlock
0000299d   abort
00002841   atoi
ffffffff   binit
000028d1   copy_in
000029a5   exit
00000000   g_pfnVectors
20002188   g_ulSystemClock
00001c4f   main
200029e4   main_func_sp
00002a89   memccpy
00002489   memcpy
000026b9   memset
00001d15   pvPortMalloc
2000298c   pxCurrentTCB
000022d9   pxPortInitialiseStack
00002729   sprintf
00002afd   strlen
00002a0d   strncpy
000025f5   ulPortSetInterruptMask
0000228f   uxListRemove
00000439   uxTaskGetNumberOfTasks
000021a5   vListInitialise
000021d5   vListInitialiseItem
00002229   vListInsert
000021e5   vListInsertEnd
00002603   vPortClearInterruptMask
00002349   vPortEndScheduler
00002355   vPortEnterCritical
00002365   vPortExitCritical
00001e3d   vPortFree
00001ea7   vPortInitialiseBlocks
00002609   vPortSVCHandler
00002397   vPortSetupTimerInterrupt
00002627   vPortStartFirstTask
0000234b   vPortYieldFromISR
00000291   vTaskDelay
0000020b   vTaskDelayUntil
00000311   vTaskEndScheduler
00000451   vTaskIncrementTick
00000705   vTaskMissedYield
000005c5   vTaskPlaceOnEventList
00000675   vTaskSetTimeOutState
000002cb   vTaskStartScheduler
00000323   vTaskSuspendAll
0000054d   vTaskSwitchContext
00001ea1   xPortGetFreeHeapSize
000025b9   xPortPendSVHandler
00002321   xPortStartScheduler
200029c8   xPortSysTickCount
0000237d   xPortSysTickHandler
000006a1   xTaskCheckForTimeOut
000000f1   xTaskGenericCreate
0000040d   xTaskGetTickCount
00000421   xTaskGetTickCountFromISR
000005fd   xTaskRemoveFromEventList
0000033d   xTaskResumeAll


GLOBAL SYMBOLS: SORTED BY Symbol Address 

address    name
--------   ----
00000000   __TI_static_base__
00000000   g_pfnVectors
00000001   __TI_args_main
000000f1   xTaskGenericCreate
0000020b   vTaskDelayUntil
00000291   vTaskDelay
000002cb   vTaskStartScheduler
00000311   vTaskEndScheduler
00000323   vTaskSuspendAll
0000033d   xTaskResumeAll
0000040d   xTaskGetTickCount
00000421   xTaskGetTickCountFromISR
00000439   uxTaskGetNumberOfTasks
00000451   vTaskIncrementTick
0000054d   vTaskSwitchContext
000005c5   vTaskPlaceOnEventList
000005fd   xTaskRemoveFromEventList
00000675   vTaskSetTimeOutState
000006a1   xTaskCheckForTimeOut
00000705   vTaskMissedYield
00000800   __STACK_SIZE
00000ca9   _printfi_nofloat
000010b9   RIT128x96x4Clear
00001125   RIT128x96x4StringDraw
00001255   RIT128x96x4ImageDraw
000012f1   RIT128x96x4Enable
0000134b   RIT128x96x4Disable
000013b9   RIT128x96x4Init
00001459   RIT128x96x4DisplayOn
0000148d   RIT128x96x4DisplayOff
000014c1   UARTStdioConfig
00001507   UARTStdioInit
0000151d   UARTStdioInitExpClk
00001533   UARTwrite
00001579   UARTgets
00001631   UARTgetc
00001659   UARTprintf
0000193d   __aeabi_uldivmod
00001b31   Task_BlinkLED
00001b79   Task_SpeakerBuzz
00001bdf   Task_Display
00001c29   Task_PrintData_Init
00001c4f   main
00001d15   pvPortMalloc
00001e3d   vPortFree
00001ea1   xPortGetFreeHeapSize
00001ea7   vPortInitialiseBlocks
00001ec9   SysCtlClockGet
00002061   SysCtlClockSet
000021a5   vListInitialise
000021d5   vListInitialiseItem
000021e5   vListInsertEnd
00002229   vListInsert
0000228f   uxListRemove
000022d9   pxPortInitialiseStack
00002321   xPortStartScheduler
00002349   vPortEndScheduler
0000234b   vPortYieldFromISR
00002355   vPortEnterCritical
00002365   vPortExitCritical
0000237d   xPortSysTickHandler
00002397   vPortSetupTimerInterrupt
000023c1   GPIOPadConfigSet
00002489   __aeabi_memcpy
00002489   __aeabi_memcpy4
00002489   __aeabi_memcpy8
00002489   memcpy
00002525   __TI_auto_init
000025b9   xPortPendSVHandler
000025f5   ulPortSetInterruptMask
00002603   vPortClearInterruptMask
00002609   vPortSVCHandler
00002627   vPortStartFirstTask
00002639   SysCtlPeripheralPresent
000026b1   __aeabi_memclr
000026b1   __aeabi_memclr4
000026b1   __aeabi_memclr8
000026b3   __aeabi_memset
000026b3   __aeabi_memset4
000026b3   __aeabi_memset8
000026b9   memset
00002729   sprintf
000027e9   SysCtlPeripheralEnable
00002841   atoi
0000288d   SSIConfigSetExpClk
000028d1   copy_in
00002915   UARTConfigSetExpClk
00002957   __aeabi_uidivmod
00002999   C$$EXIT
0000299d   abort
000029a5   exit
000029d9   _c_int00
00002a0d   strncpy
00002a3d   GPIODirModeSet
00002a6d   UARTDisable
00002a89   memccpy
00002aa5   _args_main
00002abd   __aeabi_lmul
00002ad5   UARTEnable
00002ae9   _register_unlock
00002aef   _register_lock
00002af7   _nop
00002afd   strlen
00002b11   GPIOPinTypeGPIOOutput
00002b23   GPIOPinTypeSSI
00002b35   GPIOPinTypeUART
00002b47   SSIDataGetNonBlocking
00002b59   __TI_zero_init
00002b6b   __TI_decompress_none
00002b79   ResetISR
00002b85   SSIDataPut
00002b8f   SSIDisable
00002b99   SSIEnable
00002ba3   UARTCharGet
00002bad   UARTCharPut
00002bb7   SSIBusy
00002bbf   GPIOPinRead
00002bc5   GPIOPinWrite
00002bcb   SysCtlDelay
00002bd1   __TI_decompress_rle24
00002db8   _ctypes_
00003018   __TI_Handler_Table_Base
00003024   __TI_Handler_Table_Limit
00003030   __TI_CINIT_Base
00003040   __TI_CINIT_Limit
20002188   g_ulSystemClock
2000218c   __stack
2000228c   __STACK_TOP
2000298c   __STACK_END
2000298c   pxCurrentTCB
200029c8   xPortSysTickCount
200029cc   _lock
200029d0   _unlock
200029d4   _cleanup_ptr
200029d8   _dtors_ptr
200029e4   main_func_sp
ffffffff   __binit__
ffffffff   __c_args__
ffffffff   binit
UNDEFED    SHT$$INIT_ARRAY$$Base
UNDEFED    SHT$$INIT_ARRAY$$Limit

[141 symbols]
